Component: ARM Compiler 5.06 update 5 (build 528) Tool: armlink [4d35e2]

==============================================================================

Section Cross References

    main.o(i.main) refers to system_stm32f10x.o(i.SystemInit) for SystemInit
    main.o(i.main) refers to ultrasonic.o(i.Timerx_Init) for Timerx_Init
    main.o(i.main) refers to ultrasonic.o(i.UltrasonicWave_Configuration) for UltrasonicWave_Configuration
    main.o(i.main) refers to usart1.o(i.Usart1_Init) for Usart1_Init
    main.o(i.main) refers to usart3.o(i.Usart3_Init) for Usart3_Init
    main.o(i.main) refers to motor.o(i.TIM2_PWM_Init) for TIM2_PWM_Init
    main.o(i.main) refers to motor.o(i.Motor_Init) for Motor_Init
    main.o(i.main) refers to adc.o(i.Adc_Init) for Adc_Init
    main.o(i.main) refers to encoder.o(i.TIM3_Encoder_Init) for TIM3_Encoder_Init
    main.o(i.main) refers to encoder.o(i.TIM4_Encoder_Init) for TIM4_Encoder_Init
    main.o(i.main) refers to i2c.o(i.i2cInit) for i2cInit
    main.o(i.main) refers to controler.o(i.delay_nms) for delay_nms
    main.o(i.main) refers to mpu6050.o(i.MPU6050_Init) for MPU6050_Init
    main.o(i.main) refers to systick.o(i.SysTick_Init) for SysTick_Init
    main.o(i.main) refers to controler.o(i.CarUpstandInit) for CarUpstandInit
    main.o(i.main) refers to mpu6050.o(i.MPU6050_Pose) for MPU6050_Pose
    main.o(i.main) refers to controler.o(i.ProtocolCpyData) for ProtocolCpyData
    main.o(i.main) refers to controler.o(i.Protocol) for Protocol
    main.o(i.main) refers to controler.o(i.CarStateOut) for CarStateOut
    main.o(i.main) refers to controler.o(i.SendAutoUp) for SendAutoUp
    main.o(i.main) refers to controler.o(.data) for newLineReceived
    stm32f10x_it.o(i.SysTick_Handler) refers to controler.o(i.GetMotorPulse) for GetMotorPulse
    stm32f10x_it.o(i.SysTick_Handler) refers to controler.o(i.AngleControl) for AngleControl
    stm32f10x_it.o(i.SysTick_Handler) refers to controler.o(i.MotorOutput) for MotorOutput
    stm32f10x_it.o(i.SysTick_Handler) refers to controler.o(i.SpeedControl) for SpeedControl
    stm32f10x_it.o(i.SysTick_Handler) refers to controler.o(.data) for BST_u8MainEventCount
    usart1.o(i.PrintChar) refers to usart1.o(i.USART1_SendByte) for USART1_SendByte
    usart1.o(i.USART1_SendByte) refers to stm32f10x_usart.o(i.USART_SendData) for USART_SendData
    usart1.o(i.USART1_SendByte) refers to stm32f10x_usart.o(i.USART_GetFlagStatus) for USART_GetFlagStatus
    usart1.o(i.Usart1_Init) refers to stm32f10x_rcc.o(i.RCC_APB2PeriphClockCmd) for RCC_APB2PeriphClockCmd
    usart1.o(i.Usart1_Init) refers to stm32f10x_gpio.o(i.GPIO_Init) for GPIO_Init
    usart1.o(i.Usart1_Init) refers to stm32f10x_usart.o(i.USART_ITConfig) for USART_ITConfig
    usart1.o(i.Usart1_Init) refers to stm32f10x_usart.o(i.USART_Init) for USART_Init
    usart1.o(i.Usart1_Init) refers to stm32f10x_usart.o(i.USART_Cmd) for USART_Cmd
    usart1.o(i.fputc) refers to usart1.o(i.USART1_SendByte) for USART1_SendByte
    usart3.o(i.UART3_Send_Char) refers to usart3.o(i.USART3_Send_Byte) for USART3_Send_Byte
    usart3.o(i.USART3_SendString) refers to usart3.o(i.USART3_Send_Byte) for USART3_Send_Byte
    usart3.o(i.USART3_Send_Byte) refers to stm32f10x_usart.o(i.USART_SendData) for USART_SendData
    usart3.o(i.USART3_Send_Byte) refers to stm32f10x_usart.o(i.USART_GetFlagStatus) for USART_GetFlagStatus
    usart3.o(i.Usart3_Init) refers to stm32f10x_rcc.o(i.RCC_APB2PeriphClockCmd) for RCC_APB2PeriphClockCmd
    usart3.o(i.Usart3_Init) refers to stm32f10x_rcc.o(i.RCC_APB1PeriphClockCmd) for RCC_APB1PeriphClockCmd
    usart3.o(i.Usart3_Init) refers to stm32f10x_gpio.o(i.GPIO_Init) for GPIO_Init
    usart3.o(i.Usart3_Init) refers to misc.o(i.NVIC_PriorityGroupConfig) for NVIC_PriorityGroupConfig
    usart3.o(i.Usart3_Init) refers to stm32f10x_usart.o(i.USART_ITConfig) for USART_ITConfig
    usart3.o(i.Usart3_Init) refers to stm32f10x_usart.o(i.USART_Init) for USART_Init
    usart3.o(i.Usart3_Init) refers to stm32f10x_usart.o(i.USART_Cmd) for USART_Cmd
    i2c.o(i.I2C_Ack) refers to i2c.o(i.I2C_delay) for I2C_delay
    i2c.o(i.I2C_NoAck) refers to i2c.o(i.I2C_delay) for I2C_delay
    i2c.o(i.I2C_ReceiveByte) refers to i2c.o(i.I2C_delay) for I2C_delay
    i2c.o(i.I2C_SendByte) refers to i2c.o(i.I2C_delay) for I2C_delay
    i2c.o(i.I2C_Start) refers to i2c.o(i.I2C_delay) for I2C_delay
    i2c.o(i.I2C_Stop) refers to i2c.o(i.I2C_delay) for I2C_delay
    i2c.o(i.I2C_WaitAck) refers to i2c.o(i.I2C_delay) for I2C_delay
    i2c.o(i.i2cInit) refers to stm32f10x_rcc.o(i.RCC_APB2PeriphClockCmd) for RCC_APB2PeriphClockCmd
    i2c.o(i.i2cInit) refers to stm32f10x_gpio.o(i.GPIO_Init) for GPIO_Init
    i2c.o(i.i2cRead) refers to i2c.o(i.I2C_Start) for I2C_Start
    i2c.o(i.i2cRead) refers to i2c.o(i.I2C_SendByte) for I2C_SendByte
    i2c.o(i.i2cRead) refers to i2c.o(i.I2C_WaitAck) for I2C_WaitAck
    i2c.o(i.i2cRead) refers to i2c.o(i.I2C_Stop) for I2C_Stop
[...]
    _sbackspace                              0x08000d8b   Thumb Code    34  _sgetc.o(.text)
    _btod_etento                             0x08000dad   Thumb Code   224  bigflt0.o(.text)
    __user_libspace                          0x08000e91   Thumb Code     8  libspace.o(.text)
    __user_perproc_libspace                  0x08000e91   Thumb Code     0  libspace.o(.text)
    __user_perthread_libspace                0x08000e91   Thumb Code     0  libspace.o(.text)
    __user_setup_stackheap                   0x08000e99   Thumb Code    74  sys_stackheap_outer.o(.text)
    __rt_ctype_table                         0x08000ee5   Thumb Code    16  rt_ctype_table.o(.text)
    _scanf_really_real                       0x08001141   Thumb Code   684  scanf_fp.o(.text)
    exit                                     0x080013ed   Thumb Code    18  exit.o(.text)
    strcmp                                   0x08001401   Thumb Code   128  strcmpv7m.o(.text)
    _scanf_really_hex_real                   0x08001481   Thumb Code   786  scanf_hexfp.o(.text)
    _scanf_really_infnan                     0x080017a1   Thumb Code   292  scanf_infnan.o(.text)
    _sys_exit                                0x080018d5   Thumb Code     8  sys_exit.o(.text)
    __aeabi_llsl                             0x080018e1   Thumb Code     0  llshl.o(.text)
    _ll_shift_l                              0x080018e1   Thumb Code    38  llshl.o(.text)
    _chval                                   0x08001907   Thumb Code    28  _chval.o(.text)
    __I$use$semihosting                      0x08001923   Thumb Code     0  use_no_semi.o(.text)
    __use_no_semihosting_swi                 0x08001923   Thumb Code     2  use_no_semi.o(.text)
    __semihosting_library_function           0x08001925   Thumb Code     0  indicate_semi.o(.text)
    _btod_d2e                                0x08001925   Thumb Code    62  btod.o(CL$$btod_d2e)
    _d2e_denorm_low                          0x08001963   Thumb Code    70  btod.o(CL$$btod_d2e_denorm_low)
    _d2e_norm_op1                            0x080019a9   Thumb Code    96  btod.o(CL$$btod_d2e_norm_op1)
    __btod_div_common                        0x08001a09   Thumb Code   696  btod.o(CL$$btod_div_common)
    _e2d                                     0x08001d41   Thumb Code   122  btod.o(CL$$btod_e2d)
    _e2e                                     0x08001dc5   Thumb Code   220  btod.o(CL$$btod_e2e)
    _btod_ediv                               0x08001ea1   Thumb Code    42  btod.o(CL$$btod_ediv)
    _btod_edivd                              0x08001ecb   Thumb Code    42  btod.o(CL$$btod_edivd)
    _btod_emul                               0x08001ef5   Thumb Code    42  btod.o(CL$$btod_emul)
    _btod_emuld                              0x08001f1f   Thumb Code    42  btod.o(CL$$btod_emuld)
    __btod_mult_common                       0x08001f49   Thumb Code   580  btod.o(CL$$btod_mult_common)
    ADC_Cmd                                  0x0800218d   Thumb Code    22  stm32f10x_adc.o(i.ADC_Cmd)
    ADC_DeInit                               0x080021a5   Thumb Code    78  stm32f10x_adc.o(i.ADC_DeInit)
    ADC_GetCalibrationStatus                 0x08002201   Thumb Code    20  stm32f10x_adc.o(i.ADC_GetCalibrationStatus)
    ADC_GetConversionValue                   0x08002215   Thumb Code     8  stm32f10x_adc.o(i.ADC_GetConversionValue)
    ADC_GetFlagStatus                        0x0800221d   Thumb Code    18  stm32f10x_adc.o(i.ADC_GetFlagStatus)
    ADC_GetResetCalibrationStatus            0x0800222f   Thumb Code    20  stm32f10x_adc.o(i.ADC_GetResetCalibrationStatus)
    ADC_Init                                 0x08002245   Thumb Code    70  stm32f10x_adc.o(i.ADC_Init)
    ADC_RegularChannelConfig                 0x08002295   Thumb Code   184  stm32f10x_adc.o(i.ADC_RegularChannelConfig)
    ADC_ResetCalibration                     0x0800234d   Thumb Code    10  stm32f10x_adc.o(i.ADC_ResetCalibration)
    ADC_SoftwareStartConvCmd                 0x08002357   Thumb Code    22  stm32f10x_adc.o(i.ADC_SoftwareStartConvCmd)
    ADC_StartCalibration                     0x0800236d   Thumb Code    10  stm32f10x_adc.o(i.ADC_StartCalibration)
    Adc_Init                                 0x08002379   Thumb Code   132  adc.o(i.Adc_Init)
    AngleControl                             0x08002405   Thumb Code   244  controler.o(i.AngleControl)
    BusFault_Handler                         0x08002541   Thumb Code     4  stm32f10x_it.o(i.BusFault_Handler)
    CalcUpData                               0x08002545   Thumb Code   656  controler.o(i.CalcUpData)
    CarStateOut                              0x08002879   Thumb Code   164  controler.o(i.CarStateOut)
    CarUpstandInit                           0x08002945   Thumb Code    92  controler.o(i.CarUpstandInit)
    DebugMon_Handler                         0x080029f9   Thumb Code     2  stm32f10x_it.o(i.DebugMon_Handler)
    EXTI1_IRQHandler                         0x080029fd   Thumb Code    96  ultrasonic.o(i.EXTI1_IRQHandler)
    EXTI_ClearITPendingBit                   0x08002a69   Thumb Code     6  stm32f10x_exti.o(i.EXTI_ClearITPendingBit)
    EXTI_GetITStatus                         0x08002a75   Thumb Code    34  stm32f10x_exti.o(i.EXTI_GetITStatus)
    EXTI_Init                                0x08002a9d   Thumb Code   142  stm32f10x_exti.o(i.EXTI_Init)
    GPIO_EXTILineConfig                      0x08002b31   Thumb Code    60  stm32f10x_gpio.o(i.GPIO_EXTILineConfig)
    GPIO_Init                                0x08002b71   Thumb Code   278  stm32f10x_gpio.o(i.GPIO_Init)
    GPIO_PinRemapConfig                      0x08002c89   Thumb Code   138  stm32f10x_gpio.o(i.GPIO_PinRemapConfig)
    GPIO_ReadInputDataBit                    0x08002d19   Thumb Code    18  stm32f10x_gpio.o(i.GPIO_ReadInputDataBit)
    GPIO_ResetBits                           0x08002d2b   Thumb Code     4  stm32f10x_gpio.o(i.GPIO_ResetBits)
    GPIO_SetBits                             0x08002d2f   Thumb Code     4  stm32f10x_gpio.o(i.GPIO_SetBits)
    GPIO_StructInit                          0x08002d33   Thumb Code    16  stm32f10x_gpio.o(i.GPIO_StructInit)
    GetMotorPulse                            0x08002d45   Thumb Code    90  controler.o(i.GetMotorPulse)
    Get_Adc                                  0x08002dc1   Thumb Code    46  adc.o(i.Get_Adc)
    HardFault_Handler                        0x08002df5   Thumb Code     4  stm32f10x_it.o(i.HardFault_Handler)
    MPU6050_Init                             0x0800302d   Thumb Code   224  mpu6050.o(i.MPU6050_Init)
    MPU6050_Pose                             0x080033e1   Thumb Code   568  mpu6050.o(i.MPU6050_Pose)
    MemManage_Handler                        0x08003651   Thumb Code     4  stm32f10x_it.o(i.MemManage_Handler)
    MotorOutput                              0x08003655   Thumb Code   176  controler.o(i.MotorOutput)
    Motor_Init                               0x08003721   Thumb Code    50  motor.o(i.Motor_Init)
    NMI_Handler                              0x08003759   Thumb Code     2  stm32f10x_it.o(i.NMI_Handler)
    NVIC_Init                                0x0800375d   Thumb Code   100  misc.o(i.NVIC_Init)
    NVIC_PriorityGroupConfig                 0x080037cd   Thumb Code    10  misc.o(i.NVIC_PriorityGroupConfig)
    PendSV_Handler                           0x080037e1   Thumb Code     2  stm32f10x_it.o(i.PendSV_Handler)
    PrintChar                                0x080037e3   Thumb Code    24  usart1.o(i.PrintChar)
    Protocol                                 0x080037fd   Thumb Code   638  controler.o(i.Protocol)
    ProtocolCpyData                          0x08003ad1   Thumb Code    26  controler.o(i.ProtocolCpyData)
    ProtocolGetPID                           0x08003af9   Thumb Code   316  controler.o(i.ProtocolGetPID)
    RCC_ADCCLKConfig                         0x08003c85   Thumb Code    18  stm32f10x_rcc.o(i.RCC_ADCCLKConfig)
    RCC_APB1PeriphClockCmd                   0x08003c9d   Thumb Code    26  stm32f10x_rcc.o(i.RCC_APB1PeriphClockCmd)
    RCC_APB1PeriphResetCmd                   0x08003cbd   Thumb Code    26  stm32f10x_rcc.o(i.RCC_APB1PeriphResetCmd)
    RCC_APB2PeriphClockCmd                   0x08003cdd   Thumb Code    26  stm32f10x_rcc.o(i.RCC_APB2PeriphClockCmd)
    RCC_APB2PeriphResetCmd                   0x08003cfd   Thumb Code    26  stm32f10x_rcc.o(i.RCC_APB2PeriphResetCmd)
    RCC_GetClocksFreq                        0x08003d1d   Thumb Code   192  stm32f10x_rcc.o(i.RCC_GetClocksFreq)
    ResetPID                                 0x08003df1   Thumb Code   176  controler.o(i.ResetPID)
    SVC_Handler                              0x08003eb5   Thumb Code     2  stm32f10x_it.o(i.SVC_Handler)
    SendAutoUp                               0x08003eb9   Thumb Code    52  controler.o(i.SendAutoUp)
    SetMotorVoltageAndDirection              0x08003ef9   Thumb Code   316  controler.o(i.SetMotorVoltageAndDirection)
    SpeedControl                             0x08004145   Thumb Code   368  controler.o(i.SpeedControl)
    StringFind                               0x08004305   Thumb Code    74  controler.o(i.StringFind)
    SysTick_Handler                          0x08004351   Thumb Code    98  stm32f10x_it.o(i.SysTick_Handler)
    SysTick_Init                             0x080043cd   Thumb Code   106  systick.o(i.SysTick_Init)
    SystemInit                               0x08004445   Thumb Code    78  system_stm32f10x.o(i.SystemInit)
    TIM1_UP_IRQHandler                       0x080046e5   Thumb Code    22  ultrasonic.o(i.TIM1_UP_IRQHandler)
    TIM2_PWM_Init                            0x08004701   Thumb Code   190  motor.o(i.TIM2_PWM_Init)
    TIM3_Encoder_Init                        0x080047c5   Thumb Code   190  encoder.o(i.TIM3_Encoder_Init)
    TIM3_IRQHandler                          0x0800488d   Thumb Code    22  encoder.o(i.TIM3_IRQHandler)
    TIM4_Encoder_Init                        0x080048a9   Thumb Code   196  encoder.o(i.TIM4_Encoder_Init)
    TIM4_IRQHandler                          0x08004975   Thumb Code    22  encoder.o(i.TIM4_IRQHandler)
    TIM_ARRPreloadConfig                     0x08004991   Thumb Code    24  stm32f10x_tim.o(i.TIM_ARRPreloadConfig)
    TIM_ClearFlag                            0x080049a9   Thumb Code     6  stm32f10x_tim.o(i.TIM_ClearFlag)
    TIM_ClearITPendingBit                    0x080049af   Thumb Code     6  stm32f10x_tim.o(i.TIM_ClearITPendingBit)
    TIM_Cmd                                  0x080049b5   Thumb Code    24  stm32f10x_tim.o(i.TIM_Cmd)
    TIM_DeInit                               0x080049cd   Thumb Code   424  stm32f10x_tim.o(i.TIM_DeInit)
    TIM_EncoderInterfaceConfig               0x08004bb5   Thumb Code    66  stm32f10x_tim.o(i.TIM_EncoderInterfaceConfig)
    TIM_GetCounter                           0x08004bf7   Thumb Code     6  stm32f10x_tim.o(i.TIM_GetCounter)
    TIM_GetITStatus                          0x08004bfd   Thumb Code    34  stm32f10x_tim.o(i.TIM_GetITStatus)
    TIM_ICInit                               0x08004c21   Thumb Code   150  stm32f10x_tim.o(i.TIM_ICInit)
    TIM_ICStructInit                         0x08004ccd   Thumb Code    18  stm32f10x_tim.o(i.TIM_ICStructInit)
    TIM_ITConfig                             0x08004cdf   Thumb Code    18  stm32f10x_tim.o(i.TIM_ITConfig)
    TIM_OC3Init                              0x08004cf1   Thumb Code   150  stm32f10x_tim.o(i.TIM_OC3Init)
    TIM_OC3PreloadConfig                     0x08004d91   Thumb Code    18  stm32f10x_tim.o(i.TIM_OC3PreloadConfig)
    TIM_OC4Init                              0x08004da5   Thumb Code   114  stm32f10x_tim.o(i.TIM_OC4Init)
    TIM_OC4PreloadConfig                     0x08004e21   Thumb Code    26  stm32f10x_tim.o(i.TIM_OC4PreloadConfig)
    TIM_OCStructInit                         0x08004e3b   Thumb Code    20  stm32f10x_tim.o(i.TIM_OCStructInit)
    TIM_SetCompare3                          0x08004e4f   Thumb Code     4  stm32f10x_tim.o(i.TIM_SetCompare3)
    TIM_SetCompare4                          0x08004e53   Thumb Code     6  stm32f10x_tim.o(i.TIM_SetCompare4)
    TIM_SetCounter                           0x08004e59   Thumb Code     4  stm32f10x_tim.o(i.TIM_SetCounter)
    TIM_SetIC1Prescaler                      0x08004e5d   Thumb Code    18  stm32f10x_tim.o(i.TIM_SetIC1Prescaler)
    TIM_SetIC2Prescaler                      0x08004e6f   Thumb Code    26  stm32f10x_tim.o(i.TIM_SetIC2Prescaler)
    TIM_SetIC3Prescaler                      0x08004e89   Thumb Code    18  stm32f10x_tim.o(i.TIM_SetIC3Prescaler)
    TIM_SetIC4Prescaler                      0x08004e9b   Thumb Code    26  stm32f10x_tim.o(i.TIM_SetIC4Prescaler)
    TIM_TimeBaseInit                         0x08004eb5   Thumb Code   122  stm32f10x_tim.o(i.TIM_TimeBaseInit)
    TIM_TimeBaseStructInit                   0x08004f59   Thumb Code    18  stm32f10x_tim.o(i.TIM_TimeBaseStructInit)
    Timerx_Init                              0x08004f6d   Thumb Code    92  ultrasonic.o(i.Timerx_Init)
    UART3_Send_Char                          0x08004fcd   Thumb Code    24  usart3.o(i.UART3_Send_Char)
    USART1_SendByte                          0x08004fe5   Thumb Code    28  usart1.o(i.USART1_SendByte)
    USART3_IRQHandler                        0x08005005   Thumb Code   152  controler.o(i.USART3_IRQHandler)
    USART3_Send_Byte                         0x080050b5   Thumb Code    28  usart3.o(i.USART3_Send_Byte)
    USART_ClearFlag                          0x080050d5   Thumb Code    18  stm32f10x_usart.o(i.USART_ClearFlag)
    USART_ClearITPendingBit                  0x080050e7   Thumb Code    30  stm32f10x_usart.o(i.USART_ClearITPendingBit)
    USART_Cmd                                0x08005105   Thumb Code    24  stm32f10x_usart.o(i.USART_Cmd)
    USART_GetFlagStatus                      0x0800511d   Thumb Code    26  stm32f10x_usart.o(i.USART_GetFlagStatus)
    USART_ITConfig                           0x08005137   Thumb Code    74  stm32f10x_usart.o(i.USART_ITConfig)
    USART_Init                               0x08005181   Thumb Code   210  stm32f10x_usart.o(i.USART_Init)
    USART_ReceiveData                        0x08005259   Thumb Code    10  stm32f10x_usart.o(i.USART_ReceiveData)
    USART_SendData                           0x08005263   Thumb Code     8  stm32f10x_usart.o(i.USART_SendData)
    UltrasonicWave_Configuration             0x0800526d   Thumb Code   130  ultrasonic.o(i.UltrasonicWave_Configuration)
    UsageFault_Handler                       0x080052f9   Thumb Code     4  stm32f10x_it.o(i.UsageFault_Handler)
    Usart1_Init                              0x080052fd   Thumb Code   140  usart1.o(i.Usart1_Init)
    Usart3_Init                              0x08005391   Thumb Code   172  usart3.o(i.Usart3_Init)
    __ARM_fpclassify                         0x08005445   Thumb Code    40  fpclassify.o(i.__ARM_fpclassify)
    __kernel_poly                            0x0800546d   Thumb Code   170  poly.o(i.__kernel_poly)
    __mathlib_dbl_infnan                     0x08005517   Thumb Code     6  dunder.o(i.__mathlib_dbl_infnan)
    __mathlib_dbl_infnan2                    0x0800551d   Thumb Code     4  dunder.o(i.__mathlib_dbl_infnan2)
    __mathlib_dbl_invalid                    0x08005521   Thumb Code    12  dunder.o(i.__mathlib_dbl_invalid)
    __mathlib_dbl_overflow                   0x0800552d   Thumb Code    14  dunder.o(i.__mathlib_dbl_overflow)
    __mathlib_dbl_underflow                  0x0800553d   Thumb Code    10  dunder.o(i.__mathlib_dbl_underflow)
    __mathlib_narrow                         0x0800554d   Thumb Code    16  narrow.o(i.__mathlib_narrow)
    __mathlib_tofloat                        0x0800555d   Thumb Code   184  narrow.o(i.__mathlib_tofloat)
    __support_ldexp                          0x08005619   Thumb Code    22  ldexp.o(i.__support_ldexp)
    _is_digit                                0x0800562f   Thumb Code    14  __printf_wp.o(i._is_digit)
    asin                                     0x080056e5   Thumb Code   572  asin.o(i.asin)
    atan                                     0x08005955   Thumb Code   474  atan.o(i.atan)
    atan2                                    0x08005b75   Thumb Code   346  atan2.o(i.atan2)
    atof                                     0x08005cf5   Thumb Code    42  atof.o(i.atof)
    delay_ms                                 0x08005d85   Thumb Code    24  delay.o(i.delay_ms)
    delay_nms                                0x08005d9d   Thumb Code    32  controler.o(i.delay_nms)
    delay_us                                 0x08005dbd   Thumb Code    26  delay.o(i.delay_us)
    dmp_enable_6x_lp_quat                    0x08005dd7   Thumb Code    60  inv_mpu_dmp_motion_driver.o(i.dmp_enable_6x_lp_quat)
    dmp_enable_feature                       0x08005e15   Thumb Code   530  inv_mpu_dmp_motion_driver.o(i.dmp_enable_feature)
    dmp_enable_gyro_cal                      0x08006031   Thumb Code    62  inv_mpu_dmp_motion_driver.o(i.dmp_enable_gyro_cal)
    dmp_enable_lp_quat                       0x08006089   Thumb Code    60  inv_mpu_dmp_motion_driver.o(i.dmp_enable_lp_quat)
    dmp_load_motion_driver_firmware          0x080060c5   Thumb Code    20  inv_mpu_dmp_motion_driver.o(i.dmp_load_motion_driver_firmware)
    dmp_read_fifo                            0x080060dd   Thumb Code   456  inv_mpu_dmp_motion_driver.o(i.dmp_read_fifo)
    dmp_set_accel_bias                       0x080062a9   Thumb Code   300  inv_mpu_dmp_motion_driver.o(i.dmp_set_accel_bias)
    dmp_set_fifo_rate                        0x080063d9   Thumb Code    96  inv_mpu_dmp_motion_driver.o(i.dmp_set_fifo_rate)
    dmp_set_gyro_bias                        0x08006449   Thumb Code   294  inv_mpu_dmp_motion_driver.o(i.dmp_set_gyro_bias)
    dmp_set_orientation                      0x08006579   Thumb Code   290  inv_mpu_dmp_motion_driver.o(i.dmp_set_orientation)
    dmp_set_shake_reject_thresh              0x080066b1   Thumb Code    56  inv_mpu_dmp_motion_driver.o(i.dmp_set_shake_reject_thresh)
    dmp_set_shake_reject_time                0x080066e9   Thumb Code    38  inv_mpu_dmp_motion_driver.o(i.dmp_set_shake_reject_time)
    dmp_set_shake_reject_timeout             0x0800670f   Thumb Code    38  inv_mpu_dmp_motion_driver.o(i.dmp_set_shake_reject_timeout)
    dmp_set_tap_axes                         0x08006735   Thumb Code    70  inv_mpu_dmp_motion_driver.o(i.dmp_set_tap_axes)
    dmp_set_tap_count                        0x0800677b   Thumb Code    38  inv_mpu_dmp_motion_driver.o(i.dmp_set_tap_count)
    dmp_set_tap_thresh                       0x080067a1   Thumb Code   396  inv_mpu_dmp_motion_driver.o(i.dmp_set_tap_thresh)
    dmp_set_tap_time                         0x08006941   Thumb Code    38  inv_mpu_dmp_motion_driver.o(i.dmp_set_tap_time)
    dmp_set_tap_time_multi                   0x08006967   Thumb Code    38  inv_mpu_dmp_motion_driver.o(i.dmp_set_tap_time_multi)
    frexp                                    0x0800698d   Thumb Code    80  frexp.o(i.frexp)
    get_ms                                   0x08006a99   Thumb Code     2  delay.o(i.get_ms)
    i2cInit                                  0x0800701d   Thumb Code    40  i2c.o(i.i2cInit)
    i2cRead                                  0x08007049   Thumb Code   120  i2c.o(i.i2cRead)
    i2cWriteBuffer                           0x080070c1   Thumb Code   100  i2c.o(i.i2cWriteBuffer)
    i2cread                                  0x08007125   Thumb Code    38  i2c.o(i.i2cread)
    i2cwrite                                 0x0800714b   Thumb Code    38  i2c.o(i.i2cwrite)
    inv_orientation_matrix_to_scalar         0x08007171   Thumb Code    40  inv_mpu_dmp_motion_driver.o(i.inv_orientation_matrix_to_scalar)
    ldexp                                    0x080071e7   Thumb Code   116  ldexp.o(i.ldexp)
    main                                     0x0800725d   Thumb Code   116  main.o(i.main)
    mpu_configure_fifo                       0x080072d5   Thumb Code   106  inv_mpu.o(i.mpu_configure_fifo)
    mpu_get_accel_fsr                        0x08007345   Thumb Code    72  inv_mpu.o(i.mpu_get_accel_fsr)
    mpu_get_accel_sens                       0x08007391   Thumb Code    78  inv_mpu.o(i.mpu_get_accel_sens)
    mpu_get_fifo_config                      0x080073e5   Thumb Code    12  inv_mpu.o(i.mpu_get_fifo_config)
    mpu_get_gyro_fsr                         0x080073f5   Thumb Code    64  inv_mpu.o(i.mpu_get_gyro_fsr)
    mpu_get_gyro_sens                        0x08007439   Thumb Code    58  inv_mpu.o(i.mpu_get_gyro_sens)
    mpu_get_lpf                              0x08007489   Thumb Code    74  inv_mpu.o(i.mpu_get_lpf)
    mpu_get_sample_rate                      0x080074d9   Thumb Code    26  inv_mpu.o(i.mpu_get_sample_rate)
    mpu_init                                 0x080074f9   Thumb Code   414  inv_mpu.o(i.mpu_init)
    mpu_load_firmware                        0x080076e9   Thumb Code   180  inv_mpu.o(i.mpu_load_firmware)
    mpu_lp_accel_mode                        0x080077a1   Thumb Code   218  inv_mpu.o(i.mpu_lp_accel_mode)
    mpu_read_fifo_stream                     0x08007881   Thumb Code   186  inv_mpu.o(i.mpu_read_fifo_stream)
    mpu_read_mem                             0x08007941   Thumb Code   122  inv_mpu.o(i.mpu_read_mem)
    mpu_reset_fifo                           0x080079c1   Thumb Code   450  inv_mpu.o(i.mpu_reset_fifo)
    mpu_run_self_test                        0x08007b89   Thumb Code   278  inv_mpu.o(i.mpu_run_self_test)
    mpu_set_accel_fsr                        0x08007ca5   Thumb Code   126  inv_mpu.o(i.mpu_set_accel_fsr)
    mpu_set_bypass                           0x08007d29   Thumb Code   328  inv_mpu.o(i.mpu_set_bypass)
    mpu_set_dmp_state                        0x08007e75   Thumb Code   138  inv_mpu.o(i.mpu_set_dmp_state)
    mpu_set_gyro_fsr                         0x08007f05   Thumb Code   132  inv_mpu.o(i.mpu_set_gyro_fsr)
    mpu_set_int_latched                      0x08007f8d   Thumb Code   102  inv_mpu.o(i.mpu_set_int_latched)
    mpu_set_lpf                              0x08007ff9   Thumb Code   126  inv_mpu.o(i.mpu_set_lpf)
    mpu_set_sample_rate                      0x0800807d   Thumb Code   152  inv_mpu.o(i.mpu_set_sample_rate)
    mpu_set_sensors                          0x08008119   Thumb Code   202  inv_mpu.o(i.mpu_set_sensors)
    mpu_write_mem                            0x080081e9   Thumb Code   122  inv_mpu.o(i.mpu_write_mem)
    run_self_test                            0x08008269   Thumb Code   156  inv_mpu_dmp_motion_driver.o(i.run_self_test)
    sqrt                                     0x080083dd   Thumb Code    76  sqrt.o(i.sqrt)
    _get_lc_numeric                          0x08008429   Thumb Code    44  lc_numeric_c.o(locale$$code)
    _get_lc_ctype                            0x08008455   Thumb Code    44  lc_ctype_c.o(locale$$code)
    __aeabi_d2f                              0x08008481   Thumb Code     0  d2f.o(x$fpl$d2f)
    _d2f                                     0x08008481   Thumb Code    98  d2f.o(x$fpl$d2f)
    __aeabi_dadd                             0x080084e5   Thumb Code     0  daddsub_clz.o(x$fpl$dadd)
    _dadd                                    0x080084e5   Thumb Code   332  daddsub_clz.o(x$fpl$dadd)
    __fpl_dcheck_NaN1                        0x08008635   Thumb Code    10  dcheck1.o(x$fpl$dcheck1)
    __fpl_dcmp_Inf                           0x08008645   Thumb Code    24  dcmpi.o(x$fpl$dcmpinf)
    __aeabi_ddiv                             0x0800865d   Thumb Code     0  ddiv.o(x$fpl$ddiv)
    _ddiv                                    0x0800865d   Thumb Code   552  ddiv.o(x$fpl$ddiv)
    __aeabi_cdcmpeq                          0x0800890d   Thumb Code     0  deqf.o(x$fpl$deqf)
    _dcmpeq                                  0x0800890d   Thumb Code   120  deqf.o(x$fpl$deqf)
    __aeabi_i2d                              0x08008985   Thumb Code     0  dflt_clz.o(x$fpl$dflt)
    _dflt                                    0x08008985   Thumb Code    46  dflt_clz.o(x$fpl$dflt)
    __aeabi_cdcmple                          0x080089b5   Thumb Code     0  dleqf.o(x$fpl$dleqf)
    _dcmple                                  0x080089b5   Thumb Code   120  dleqf.o(x$fpl$dleqf)
    __fpl_dcmple_InfNaN                      0x08008a17   Thumb Code     0  dleqf.o(x$fpl$dleqf)
    __aeabi_dmul                             0x08008a2d   Thumb Code     0  dmul.o(x$fpl$dmul)
    _dmul                                    0x08008a2d   Thumb Code   332  dmul.o(x$fpl$dmul)
    __fpl_dnaninf                            0x08008b81   Thumb Code   156  dnaninf.o(x$fpl$dnaninf)
    __fpl_dretinf                            0x08008c1d   Thumb Code    12  dretinf.o(x$fpl$dretinf)
    __aeabi_cdrcmple                         0x08008c29   Thumb Code     0  drleqf.o(x$fpl$drleqf)
    _drcmple                                 0x08008c29   Thumb Code   108  drleqf.o(x$fpl$drleqf)
    __aeabi_drsub                            0x08008c95   Thumb Code     0  daddsub_clz.o(x$fpl$drsb)
    _drsb                                    0x08008c95   Thumb Code    22  daddsub_clz.o(x$fpl$drsb)
    _dsqrt                                   0x08008cad   Thumb Code   456  dsqrt_noumaal.o(x$fpl$dsqrt)
    __aeabi_dsub                             0x08008e79   Thumb Code     0  daddsub_clz.o(x$fpl$dsub)
    _dsub                                    0x08008e79   Thumb Code   464  daddsub_clz.o(x$fpl$dsub)
    __aeabi_f2d                              0x0800904d   Thumb Code     0  f2d.o(x$fpl$f2d)
    _f2d                                     0x0800904d   Thumb Code    86  f2d.o(x$fpl$f2d)
    __aeabi_fadd                             0x080090a5   Thumb Code     0  faddsub_clz.o(x$fpl$fadd)
    _fadd                                    0x080090a5   Thumb Code   196  faddsub_clz.o(x$fpl$fadd)
    __fpl_fcmp_Inf                           0x08009169   Thumb Code    24  fcmpi.o(x$fpl$fcmpinf)
    __aeabi_fdiv                             0x08009181   Thumb Code     0  fdiv.o(x$fpl$fdiv)
    _fdiv                                    0x08009181   Thumb Code   384  fdiv.o(x$fpl$fdiv)
    __aeabi_cfcmpeq                          0x08009305   Thumb Code     0  feqf.o(x$fpl$feqf)
    _fcmpeq                                  0x08009305   Thumb Code   104  feqf.o(x$fpl$feqf)
    __aeabi_f2iz                             0x0800936d   Thumb Code     0  ffix.o(x$fpl$ffix)
    _ffix                                    0x0800936d   Thumb Code    54  ffix.o(x$fpl$ffix)
    __aeabi_f2uiz                            0x080093a5   Thumb Code     0  ffixu.o(x$fpl$ffixu)
    _ffixu                                   0x080093a5   Thumb Code    62  ffixu.o(x$fpl$ffixu)
    __aeabi_i2f                              0x080093e5   Thumb Code     0  fflt_clz.o(x$fpl$fflt)
    _fflt                                    0x080093e5   Thumb Code    48  fflt_clz.o(x$fpl$fflt)
    __aeabi_ui2f                             0x08009415   Thumb Code     0  fflt_clz.o(x$fpl$ffltu)
    _ffltu                                   0x08009415   Thumb Code    38  fflt_clz.o(x$fpl$ffltu)
    __aeabi_cfcmple                          0x0800943d   Thumb Code     0  fleqf.o(x$fpl$fleqf)
    _fcmple                                  0x0800943d   Thumb Code   104  fleqf.o(x$fpl$fleqf)
    __fpl_fcmple_InfNaN                      0x0800948f   Thumb Code     0  fleqf.o(x$fpl$fleqf)
    __aeabi_fmul                             0x080094a5   Thumb Code     0  fmul.o(x$fpl$fmul)
    _fmul                                    0x080094a5   Thumb Code   258  fmul.o(x$fpl$fmul)
    __fpl_fnaninf                            0x080095a7   Thumb Code   140  fnaninf.o(x$fpl$fnaninf)
    __fpl_fretinf                            0x08009633   Thumb Code    10  fretinf.o(x$fpl$fretinf)
    __aeabi_cfrcmple                         0x0800963d   Thumb Code     0  frleqf.o(x$fpl$frleqf)
    _frcmple                                 0x0800963d   Thumb Code    98  frleqf.o(x$fpl$frleqf)
    __aeabi_fsub                             0x080096a1   Thumb Code     0  faddsub_clz.o(x$fpl$fsub)
    _fsub                                    0x080096a1   Thumb Code   234  faddsub_clz.o(x$fpl$fsub)
    __ieee_status                            0x0800978b   Thumb Code     6  istatus.o(x$fpl$ieeestatus)
    _printf_fp_dec                           0x08009791   Thumb Code     4  printf1.o(x$fpl$printf1)
    __fpl_return_NaN                         0x08009795   Thumb Code   100  retnan.o(x$fpl$retnan)
    __ARM_scalbn                             0x080097f9   Thumb Code    92  scalbn.o(x$fpl$scalbn)
    _scanf_real                              0x08009855   Thumb Code     4  scanf1.o(x$fpl$scanf1)
    _scanf_hex_real                          0x08009859   Thumb Code     4  scanf2.o(x$fpl$scanf2)
    _scanf_infnan                            0x0800985d   Thumb Code     4  scanf2.o(x$fpl$scanf2)
    __fpl_cmpreturn                          0x08009861   Thumb Code    48  trapv.o(x$fpl$trapveneer)
    PID_Original                             0x08009890   Data          32  controler.o(.constdata)
    __I$use$fp                               0x08009890   Number         0  usenofp.o(x$fpl$usenofp)
    hw                                       0x080098b0   Data          12  inv_mpu.o(.constdata)
    reg                                      0x080098bc   Data          27  inv_mpu.o(.constdata)
    test                                     0x080098d8   Data          40  inv_mpu.o(.constdata)
    __mathlib_zero                           0x0800a5e0   Data           8  qnan.o(.constdata)
    Region$$Table$$Base                      0x0800a6cc   Number         0  anon$$obj.o(Region$$Table)
    Region$$Table$$Limit                     0x0800a6ec   Number         0  anon$$obj.o(Region$$Table)
    __aeabi_HUGE_VAL                         0x0800a6ec   Data           0  fpconst.o(c$$dinf)
    __aeabi_HUGE_VALL                        0x0800a6ec   Data           0  fpconst.o(c$$dinf)
    __aeabi_INFINITY                         0x0800a6ec   Data           0  fpconst.o(c$$dinf)
    __dInf                                   0x0800a6ec   Data           0  fpconst.o(c$$dinf)
    __huge_val                               0x0800a6ec   Data           0  fpconst.o(c$$dinf)
    __dbl_max                                0x0800a6f4   Data           0  fpconst.o(c$$dmax)
    __ctype                                  0x0800a725   Data           0  lc_ctype_c.o(locale$$data)
    q0                                       0x2000000c   Data           4  mpu6050.o(.data)
    q1                                       0x20000010   Data           4  mpu6050.o(.data)
    q2                                       0x20000014   Data           4  mpu6050.o(.data)
    q3                                       0x20000018   Data           4  mpu6050.o(.data)
    Pitch                                    0x2000001c   Data           4  mpu6050.o(.data)
    Roll                                     0x20000020   Data           4  mpu6050.o(.data)
    Yaw                                      0x20000024   Data           4  mpu6050.o(.data)
    sensor_timestamp                         0x20000028   Data           4  mpu6050.o(.data)
    gyro                                     0x2000002c   Data           6  mpu6050.o(.data)
    accel                                    0x20000032   Data           6  mpu6050.o(.data)
    sensors                                  0x20000038   Data           2  mpu6050.o(.data)
    more                                     0x2000003a   Data           1  mpu6050.o(.data)
    newLineReceived                          0x2000003c   Data           1  controler.o(.data)
    enCarState                               0x2000003d   Data           1  controler.o(.data)
    g_newcarstate                            0x20000040   Data           4  controler.o(.data)
    returntemp                               0x20000044   Data          33  controler.o(.data)
    piddisplay                               0x20000065   Data          50  controler.o(.data)
    BST_u8MainEventCount                     0x20000097   Data           1  controler.o(.data)
    BST_u8SpeedControlCount                  0x20000098   Data           1  controler.o(.data)
    BST_u8SpeedControlPeriod                 0x20000099   Data           1  controler.o(.data)
    BST_u8DirectionControlPeriod             0x2000009a   Data           1  controler.o(.data)
    BST_u8DirectionControlCount              0x2000009b   Data           1  controler.o(.data)
    BST_u8trig                               0x2000009c   Data           1  controler.o(.data)
    ucBluetoothValue                         0x2000009d   Data           1  controler.o(.data)
    volt                                     0x200000a0   Data           4  controler.o(.data)
    BST_fSpeedControlOut                     0x200000a4   Data           4  controler.o(.data)
    BST_fSpeedControlOutOld                  0x200000a8   Data           4  controler.o(.data)
    BST_fSpeedControlOutNew                  0x200000ac   Data           4  controler.o(.data)
    BST_fAngleControlOut                     0x200000b0   Data           4  controler.o(.data)
    BST_fLeftMotorOut                        0x200000b4   Data           4  controler.o(.data)
    BST_fRightMotorOut                       0x200000b8   Data           4  controler.o(.data)
    BST_fCarAngle                            0x200000bc   Data           4  controler.o(.data)
    gyro_z                                   0x200000c0   Data           4  controler.o(.data)
    gyrx                                     0x200000c4   Data           4  controler.o(.data)
    gy0                                      0x200000c8   Data           4  controler.o(.data)
    BST_fCarAngle_P                          0x200000cc   Data           4  controler.o(.data)
    BST_fCarAngle_D                          0x200000d0   Data           4  controler.o(.data)
    BST_fCarSpeed_P                          0x200000d4   Data           4  controler.o(.data)
    BST_fCarSpeed_I                          0x200000d8   Data           4  controler.o(.data)
    iap                                      0x200000dc   Data           4  controler.o(.data)
    BST_s16LeftMotorPulse                    0x200000e0   Data           2  controler.o(.data)
    BST_s16RightMotorPulse                   0x200000e2   Data           2  controler.o(.data)
    BST_s32LeftMotorPulseOld                 0x200000e4   Data           4  controler.o(.data)
    BST_s32RightMotorPulseOld                0x200000e8   Data           4  controler.o(.data)
    BST_s32LeftMotorPulseSigma               0x200000ec   Data           4  controler.o(.data)
    BST_s32RightMotorPulseSigma              0x200000f0   Data           4  controler.o(.data)
    BST_fCarSpeed                            0x200000f4   Data           4  controler.o(.data)
    BST_fCarSpeedOld                         0x200000f8   Data           4  controler.o(.data)
    BST_fCarPosition                         0x200000fc   Data           4  controler.o(.data)
    leftstop                                 0x20000100   Data           4  controler.o(.data)
    rightstop                                0x20000104   Data           4  controler.o(.data)
    stopflag                                 0x20000108   Data           4  controler.o(.data)
    fchaoshengbo                             0x2000010c   Data           4  controler.o(.data)
    juli                                     0x20000110   Data           4  controler.o(.data)
    BST_fBluetoothSpeed                      0x20000114   Data           4  controler.o(.data)
    BST_fBluetoothDirectionNew               0x20000118   Data           4  controler.o(.data)
    BST_fBluetoothDirectionSL                0x2000011c   Data           4  controler.o(.data)
    BST_fBluetoothDirectionSR                0x20000120   Data           4  controler.o(.data)
    chaoflag                                 0x20000124   Data           4  controler.o(.data)
    x                                        0x20000128   Data           4  controler.o(.data)
    y1                                       0x2000012c   Data           4  controler.o(.data)
    z1                                       0x20000130   Data           4  controler.o(.data)
    y2                                       0x20000134   Data           4  controler.o(.data)
    z2                                       0x20000138   Data           4  controler.o(.data)
    flagbt                                   0x2000013c   Data           4  controler.o(.data)
    g_autoup                                 0x20000140   Data           4  controler.o(.data)
    g_uptimes                                0x20000144   Data           4  controler.o(.data)
    kp                                       0x20000148   Data           1  controler.o(.data)
    kd                                       0x20000149   Data           1  controler.o(.data)
    ksp                                      0x2000014a   Data           1  controler.o(.data)
    ksi                                      0x2000014b   Data           1  controler.o(.data)
    dac                                      0x2000014c   Data           4  controler.o(.data)
    dgy                                      0x20000150   Data           4  controler.o(.data)
    BST_fBluetoothDirectionL                 0x20000154   Data           4  controler.o(.data)
    BST_fBluetoothDirectionR                 0x20000158   Data           4  controler.o(.data)
    driectionxco                             0x2000015c   Data           4  controler.o(.data)
    num                                      0x20000160   Data           4  controler.o(.data)
    startBit                                 0x20000164   Data           1  controler.o(.data)
    int9num                                  0x20000168   Data           4  controler.o(.data)
    count                                    0x2000016c   Data           4  ultrasonic.o(.data)
    SystemCoreClock                          0x2000019c   Data           4  system_stm32f10x.o(.data)
    AHBPrescTable                            0x200001a0   Data          16  system_stm32f10x.o(.data)
    quat                                     0x200001c4   Data          16  mpu6050.o(.bss)
    inputString                              0x200001d4   Data          80  controler.o(.bss)
    ProtocolString                           0x20000224   Data          80  controler.o(.bss)
    manydisplay                              0x20000274   Data          80  controler.o(.bss)
    updata                                   0x200002c4   Data          80  controler.o(.bss)
    alldata                                  0x20000314   Data          80  controler.o(.bss)
    charkp                                   0x20000364   Data          10  controler.o(.bss)
    charkd                                   0x2000036e   Data          10  controler.o(.bss)
    charksp                                  0x20000378   Data          10  controler.o(.bss)
    charksi                                  0x20000382   Data          10  controler.o(.bss)
    lspeed                                   0x2000038c   Data          10  controler.o(.bss)
    rspeed                                   0x20000396   Data          10  controler.o(.bss)
    daccel                                   0x200003a0   Data          10  controler.o(.bss)
    dgyro                                    0x200003aa   Data          10  controler.o(.bss)
    csb                                      0x200003b4   Data          10  controler.o(.bss)
    vi                                       0x200003be   Data          10  controler.o(.bss)
    __libspace_start                         0x200003d8   Data          96  libspace.o(.bss)
    __temporary_stack_top$libspace           0x20000438   Data           0  libspace.o(.bss)



==============================================================================

Memory Map of the image

  Image Entry point : 0x080000ed

  Load Region LR_IROM1 (Base: 0x08000000, Size: 0x0000a9ec, Max: 0x00010000, ABSOLUTE, COMPRESSED[0x0000a88c])

    Execution Region ER_IROM1 (Exec base: 0x08000000, Load base: 0x08000000, Size: 0x0000a828, Max: 0x00010000, ABSOLUTE)

    Exec Addr    Load Addr    Size         Type   Attr      Idx    E Section Name        Object

    0x08000000   0x08000000   0x000000ec   Data   RO         1310    RESET               startup_stm32f10x_md.o
    0x080000ec   0x080000ec   0x00000008   Code   RO         4454  * !!!main             c_w.l(__main.o)
    0x080000f4   0x080000f4   0x00000034   Code   RO         4883    !!!scatter          c_w.l(__scatter.o)
    0x08000128   0x08000128   0x0000005a   Code   RO         4881    !!dczerorl2         c_w.l(__dczerorl2.o)
    0x08000182   0x08000182   0x00000002   PAD
    0x08000184   0x08000184   0x0000001c   Code   RO         4885    !!handler_zi        c_w.l(__scatter_zi.o)
    0x080001a0   0x080001a0   0x00000000   Code   RO         4437    .ARM.Collect$$_printf_percent$$00000000  c_w.l(_printf_percent.o)
    0x080001a0   0x080001a0   0x00000006   Code   RO         4436    .ARM.Collect$$_printf_percent$$00000003  c_w.l(_printf_f.o)
    0x080001a6   0x080001a6   0x00000004   Code   RO         4549    .ARM.Collect$$_printf_percent$$00000017  c_w.l(_printf_percent_end.o)
    0x080001aa   0x080001aa   0x00000002   Code   RO         4701    .ARM.Collect$$libinit$$00000000  c_w.l(libinit.o)
    0x080001ac   0x080001ac   0x00000000   Code   RO         4703    .ARM.Collect$$libinit$$00000002  c_w.l(libinit2.o)
    0x080001ac   0x080001ac   0x00000000   Code   RO         4705    .ARM.Collect$$libinit$$00000004  c_w.l(libinit2.o)
    0x080001ac   0x080001ac   0x00000000   Code   RO         4708    .ARM.Collect$$libinit$$0000000A  c_w.l(libinit2.o)
    0x080001ac   0x080001ac   0x00000000   Code   RO         4710    .ARM.Collect$$libinit$$0000000C  c_w.l(libinit2.o)
    0x080001ac   0x080001ac   0x00000000   Code   RO         4712    .ARM.Collect$$libinit$$0000000E  c_w.l(libinit2.o)
    0x080001ac   0x080001ac   0x00000006   Code   RO         4713    .ARM.Collect$$libinit$$0000000F  c_w.l(libinit2.o)
    0x080001b2   0x080001b2   0x00000000   Code   RO         4715    .ARM.Collect$$libinit$$00000011  c_w.l(libinit2.o)
    0x080001b2   0x080001b2   0x0000000c   Code   RO         4716    .ARM.Collect$$libinit$$00000012  c_w.l(libinit2.o)
    0x080001be   0x080001be   0x00000000   Code   RO         4717    .ARM.Collect$$libinit$$00000013  c_w.l(libinit2.o)
    0x080001be   0x080001be   0x00000000   Code   RO         4719    .ARM.Collect$$libinit$$00000015  c_w.l(libinit2.o)
    0x080001be   0x080001be   0x0000000a   Code   RO         4720    .ARM.Collect$$libinit$$00000016  c_w.l(libinit2.o)
    0x080001c8   0x080001c8   0x00000000   Code   RO         4721    .ARM.Collect$$libinit$$00000017  c_w.l(libinit2.o)
    0x080001c8   0x080001c8   0x00000000   Code   RO         4723    .ARM.Collect$$libinit$$00000019  c_w.l(libinit2.o)
    0x080001c8   0x080001c8   0x00000000   Code   RO         4725    .ARM.Collect$$libinit$$0000001B  c_w.l(libinit2.o)
    0x080001c8   0x080001c8   0x00000000   Code   RO         4727    .ARM.Collect$$libinit$$0000001D  c_w.l(libinit2.o)
    0x080001c8   0x080001c8   0x00000000   Code   RO         4729    .ARM.Collect$$libinit$$0000001F  c_w.l(libinit2.o)
    0x080001c8   0x080001c8   0x00000000   Code   RO         4731    .ARM.Collect$$libinit$$00000021  c_w.l(libinit2.o)
    0x080001c8   0x080001c8   0x00000000   Code   RO         4733    .ARM.Collect$$libinit$$00000023  c_w.l(libinit2.o)
    0x080001c8   0x080001c8   0x00000000   Code   RO         4735    .ARM.Collect$$libinit$$00000025  c_w.l(libinit2.o)
    0x080001c8   0x080001c8   0x00000000   Code   RO         4739    .ARM.Collect$$libinit$$0000002C  c_w.l(libinit2.o)
    0x080001c8   0x080001c8   0x00000000   Code   RO         4741    .ARM.Collect$$libinit$$0000002E  c_w.l(libinit2.o)
    0x080001c8   0x080001c8   0x00000000   Code   RO         4743    .ARM.Collect$$libinit$$00000030  c_w.l(libinit2.o)
    0x080001c8   0x080001c8   0x00000000   Code   RO         4745    .ARM.Collect$$libinit$$00000032  c_w.l(libinit2.o)
    0x080001c8   0x080001c8   0x00000002   Code   RO         4746    .ARM.Collect$$libinit$$00000033  c_w.l(libinit2.o)
    0x080001ca   0x080001ca   0x00000002   Code   RO         4827    .ARM.Collect$$libshutdown$$00000000  c_w.l(libshutdown.o)
    0x080001cc   0x080001cc   0x00000000   Code   RO         4850    .ARM.Collect$$libshutdown$$00000002  c_w.l(libshutdown2.o)
    0x080001cc   0x080001cc   0x00000000   Code   RO         4852    .ARM.Collect$$libshutdown$$00000004  c_w.l(libshutdown2.o)
    0x080001cc   0x080001cc   0x00000000   Code   RO         4855    .ARM.Collect$$libshutdown$$00000007  c_w.l(libshutdown2.o)
    0x080001cc   0x080001cc   0x00000000   Code   RO         4858    .ARM.Collect$$libshutdown$$0000000A  c_w.l(libshutdown2.o)
    0x080001cc   0x080001cc   0x00000000   Code   RO         4860    .ARM.Collect$$libshutdown$$0000000C  c_w.l(libshutdown2.o)
    0x080001cc   0x080001cc   0x00000000   Code   RO         4863    .ARM.Collect$$libshutdown$$0000000F  c_w.l(libshutdown2.o)
    0x080001cc   0x080001cc   0x00000002   Code   RO         4864    .ARM.Collect$$libshutdown$$00000010  c_w.l(libshutdown2.o)
    0x080001ce   0x080001ce   0x00000000   Code   RO         4538    .ARM.Collect$$rtentry$$00000000  c_w.l(__rtentry.o)
    0x080001ce   0x080001ce   0x00000000   Code   RO         4607    .ARM.Collect$$rtentry$$00000002  c_w.l(__rtentry2.o)
    0x080001ce   0x080001ce   0x00000006   Code   RO         4619    .ARM.Collect$$rtentry$$00000004  c_w.l(__rtentry4.o)
    0x080001d4   0x080001d4   0x00000000   Code   RO         4609    .ARM.Collect$$rtentry$$00000009  c_w.l(__rtentry2.o)
    0x080001d4   0x080001d4   0x00000004   Code   RO         4610    .ARM.Collect$$rtentry$$0000000A  c_w.l(__rtentry2.o)
    0x080001d8   0x080001d8   0x00000000   Code   RO         4612    .ARM.Collect$$rtentry$$0000000C  c_w.l(__rtentry2.o)
    0x080001d8   0x080001d8   0x00000008   Code   RO         4613    .ARM.Collect$$rtentry$$0000000D  c_w.l(__rtentry2.o)
    0x080001e0   0x080001e0   0x00000002   Code   RO         4749    .ARM.Collect$$rtexit$$00000000  c_w.l(rtexit.o)
    0x080001e2   0x080001e2   0x00000000   Code   RO         4781    .ARM.Collect$$rtexit$$00000002  c_w.l(rtexit2.o)
    0x080001e2   0x080001e2   0x00000004   Code   RO         4782    .ARM.Collect$$rtexit$$00000003  c_w.l(rtexit2.o)
    0x080001e6   0x080001e6   0x00000006   Code   RO         4783    .ARM.Collect$$rtexit$$00000004  c_w.l(rtexit2.o)
    0x080001ec   0x080001ec   0x00000040   Code   RO         1311    .text               startup_stm32f10x_md.o
    0x0800022c   0x0800022c   0x00000048   Code   RO         4406    .text               c_w.l(llsdiv.o)
    0x08000274   0x08000274   0x00000028   Code   RO         4410    .text               c_w.l(noretval__2sprintf.o)
    0x0800029c   0x0800029c   0x0000004e   Code   RO         4414    .text               c_w.l(_printf_pad.o)
    0x080002ea   0x080002ea   0x0000010e   Code   RO         4424    .text               c_w.l(__printf_wp.o)
    0x080003f8   0x080003f8   0x00000058   Code   RO         4438    .text               c_w.l(memcmp.o)
    0x08000450   0x08000450   0x0000003e   Code   RO         4440    .text               c_w.l(strlen.o)
    0x0800048e   0x0800048e   0x00000018   Code   RO         4442    .text               c_w.l(strcat.o)
    0x080004a6   0x080004a6   0x0000008a   Code   RO         4444    .text               c_w.l(rt_memcpy_v6.o)
    0x08000530   0x08000530   0x00000010   Code   RO         4446    .text               c_w.l(aeabi_memset.o)
    0x08000540   0x08000540   0x00000044   Code   RO         4448    .text               c_w.l(rt_memclr.o)
    0x08000584   0x08000584   0x0000004e   Code   RO         4450    .text               c_w.l(rt_memclr_w.o)
    0x080005d2   0x080005d2   0x00000006   Code   RO         4452    .text               c_w.l(heapauxi.o)
    0x080005d8   0x080005d8   0x000000ee   Code   RO         4539    .text               c_w.l(lludivv7m.o)
    0x080006c6   0x080006c6   0x00000016   Code   RO         4541    .text               c_w.l(_rserrno.o)
    0x080006dc   0x080006dc   0x0000041e   Code   RO         4543    .text               c_w.l(_printf_fp_dec.o)
    0x08000afa   0x08000afa   0x00000002   PAD
    0x08000afc   0x08000afc   0x00000030   Code   RO         4545    .text               c_w.l(_printf_char_common.o)
    0x08000b2c   0x08000b2c   0x0000000a   Code   RO         4547    .text               c_w.l(_sputc.o)
    0x08000b36   0x08000b36   0x00000002   PAD
    0x08000b38   0x08000b38   0x000000a4   Code   RO         4550    .text               c_w.l(strtod.o)
    0x08000bdc   0x08000bdc   0x00000064   Code   RO         4552    .text               c_w.l(rt_memcpy_w.o)
    0x08000c40   0x08000c40   0x00000008   Code   RO         4628    .text               c_w.l(rt_locale_intlibspace.o)
    0x08000c48   0x08000c48   0x00000008   Code   RO         4633    .text               c_w.l(rt_errno_addr_intlibspace.o)
    0x08000c50   0x08000c50   0x0000008a   Code   RO         4635    .text               c_w.l(lludiv10.o)
    0x08000cda   0x08000cda   0x00000012   Code   RO         4637    .text               c_w.l(isspace.o)
    0x08000cec   0x08000cec   0x00000080   Code   RO         4639    .text               c_w.l(_printf_fp_infnan.o)
    0x08000d6c   0x08000d6c   0x00000040   Code   RO         4643    .text               c_w.l(_sgetc.o)
    0x08000dac   0x08000dac   0x000000e4   Code   RO         4645    .text               c_w.l(bigflt0.o)
    0x08000e90   0x08000e90   0x00000008   Code   RO         4681    .text               c_w.l(libspace.o)
    0x08000e98   0x08000e98   0x0000004a   Code   RO         4684    .text               c_w.l(sys_stackheap_outer.o)
    0x08000ee2   0x08000ee2   0x00000002   PAD
    0x08000ee4   0x08000ee4   0x00000010   Code   RO         4686    .text               c_w.l(rt_ctype_table.o)
    0x08000ef4   0x08000ef4   0x000004f8   Code   RO         4690    .text               c_w.l(scanf_fp.o)
    0x080013ec   0x080013ec   0x00000012   Code   RO         4692    .text               c_w.l(exit.o)
    0x080013fe   0x080013fe   0x00000002   PAD
    0x08001400   0x08001400   0x00000080   Code   RO         4694    .text               c_w.l(strcmpv7m.o)
    0x08001480   0x08001480   0x00000320   Code   RO         4789    .text               c_w.l(scanf_hexfp.o)
    0x080017a0   0x080017a0   0x00000134   Code   RO         4791    .text               c_w.l(scanf_infnan.o)
    0x080018d4   0x080018d4   0x0000000c   Code   RO         4809    .text               c_w.l(sys_exit.o)
    0x080018e0   0x080018e0   0x00000026   Code   RO         4813    .text               c_w.l(llshl.o)
    0x08001906   0x08001906   0x0000001c   Code   RO         4815    .text               c_w.l(_chval.o)
    0x08001922   0x08001922   0x00000002   Code   RO         4842    .text               c_w.l(use_no_semi.o)
    0x08001924   0x08001924   0x00000000   Code   RO         4844    .text               c_w.l(indicate_semi.o)
    0x08001924   0x08001924   0x0000003e   Code   RO         4648    CL$$btod_d2e        c_w.l(btod.o)
    0x08001962   0x08001962   0x00000046   Code   RO         4650    CL$$btod_d2e_denorm_low  c_w.l(btod.o)
    0x080019a8   0x080019a8   0x00000060   Code   RO         4649    CL$$btod_d2e_norm_op1  c_w.l(btod.o)
    0x08001a08   0x08001a08   0x00000338   Code   RO         4658    CL$$btod_div_common  c_w.l(btod.o)
    0x08001d40   0x08001d40   0x00000084   Code   RO         4656    CL$$btod_e2d        c_w.l(btod.o)
    0x08001dc4   0x08001dc4   0x000000dc   Code   RO         4655    CL$$btod_e2e        c_w.l(btod.o)
    0x08001ea0   0x08001ea0   0x0000002a   Code   RO         4652    CL$$btod_ediv       c_w.l(btod.o)
    0x08001eca   0x08001eca   0x0000002a   Code   RO         4654    CL$$btod_edivd      c_w.l(btod.o)
    0x08001ef4   0x08001ef4   0x0000002a   Code   RO         4651    CL$$btod_emul       c_w.l(btod.o)
    0x08001f1e   0x08001f1e   0x0000002a   Code   RO         4653    CL$$btod_emuld      c_w.l(btod.o)
    0x08001f48   0x08001f48   0x00000244   Code   RO         4657    CL$$btod_mult_common  c_w.l(btod.o)
    0x0800218c   0x0800218c   0x00000016   Code   RO         1413    i.ADC_Cmd           stm32f10x_adc.o
    0x080021a2   0x080021a2   0x00000002   PAD
    0x080021a4   0x080021a4   0x0000005c   Code   RO         1415    i.ADC_DeInit        stm32f10x_adc.o
    0x08002200   0x08002200   0x00000014   Code   RO         1421    i.ADC_GetCalibrationStatus  stm32f10x_adc.o
    0x08002214   0x08002214   0x00000008   Code   RO         1422    i.ADC_GetConversionValue  stm32f10x_adc.o
    0x0800221c   0x0800221c   0x00000012   Code   RO         1424    i.ADC_GetFlagStatus  stm32f10x_adc.o
    0x0800222e   0x0800222e   0x00000014   Code   RO         1427    i.ADC_GetResetCalibrationStatus  stm32f10x_adc.o
    0x08002242   0x08002242   0x00000002   PAD
    0x08002244   0x08002244   0x00000050   Code   RO         1431    i.ADC_Init          stm32f10x_adc.o
    0x08002294   0x08002294   0x000000b8   Code   RO         1435    i.ADC_RegularChannelConfig  stm32f10x_adc.o
    0x0800234c   0x0800234c   0x0000000a   Code   RO         1436    i.ADC_ResetCalibration  stm32f10x_adc.o
    0x08002356   0x08002356   0x00000016   Code   RO         1438    i.ADC_SoftwareStartConvCmd  stm32f10x_adc.o
    0x0800236c   0x0800236c   0x0000000a   Code   RO         1440    i.ADC_StartCalibration  stm32f10x_adc.o
    0x08002376   0x08002376   0x00000002   PAD
    0x08002378   0x08002378   0x0000008c   Code   RO          700    i.Adc_Init          adc.o
    0x08002404   0x08002404   0x0000013c   Code   RO          561    i.AngleControl      controler.o
    0x08002540   0x08002540   0x00000004   Code   RO          146    i.BusFault_Handler  stm32f10x_it.o
    0x08002544   0x08002544   0x00000334   Code   RO          562    i.CalcUpData        controler.o
    0x08002878   0x08002878   0x000000cc   Code   RO          563    i.CarStateOut       controler.o
    0x08002944   0x08002944   0x000000b4   Code   RO          564    i.CarUpstandInit    controler.o
    0x080029f8   0x080029f8   0x00000002   Code   RO          147    i.DebugMon_Handler  stm32f10x_it.o
    0x080029fa   0x080029fa   0x00000002   PAD
    0x080029fc   0x080029fc   0x0000006c   Code   RO          721    i.EXTI1_IRQHandler  ultrasonic.o
    0x08002a68   0x08002a68   0x0000000c   Code   RO         2193    i.EXTI_ClearITPendingBit  stm32f10x_exti.o
    0x08002a74   0x08002a74   0x00000028   Code   RO         2197    i.EXTI_GetITStatus  stm32f10x_exti.o
    0x08002a9c   0x08002a9c   0x00000094   Code   RO         2198    i.EXTI_Init         stm32f10x_exti.o
    0x08002b30   0x08002b30   0x00000040   Code   RO         2552    i.GPIO_EXTILineConfig  stm32f10x_gpio.o
    0x08002b70   0x08002b70   0x00000116   Code   RO         2555    i.GPIO_Init         stm32f10x_gpio.o
    0x08002c86   0x08002c86   0x00000002   PAD
    0x08002c88   0x08002c88   0x00000090   Code   RO         2557    i.GPIO_PinRemapConfig  stm32f10x_gpio.o
    0x08002d18   0x08002d18   0x00000012   Code   RO         2559    i.GPIO_ReadInputDataBit  stm32f10x_gpio.o
    0x08002d2a   0x08002d2a   0x00000004   Code   RO         2562    i.GPIO_ResetBits    stm32f10x_gpio.o
    0x08002d2e   0x08002d2e   0x00000004   Code   RO         2563    i.GPIO_SetBits      stm32f10x_gpio.o
    0x08002d32   0x08002d32   0x00000010   Code   RO         2564    i.GPIO_StructInit   stm32f10x_gpio.o
    0x08002d42   0x08002d42   0x00000002   PAD
    0x08002d44   0x08002d44   0x0000007c   Code   RO          565    i.GetMotorPulse     controler.o
    0x08002dc0   0x08002dc0   0x00000034   Code   RO          701    i.Get_Adc           adc.o
    0x08002df4   0x08002df4   0x00000004   Code   RO          148    i.HardFault_Handler  stm32f10x_it.o
    0x08002df8   0x08002df8   0x0000003c   Code   RO          276    i.I2C_Ack           i2c.o
    0x08002e34   0x08002e34   0x0000003c   Code   RO          277    i.I2C_NoAck         i2c.o
    0x08002e70   0x08002e70   0x00000058   Code   RO          278    i.I2C_ReceiveByte   i2c.o
    0x08002ec8   0x08002ec8   0x0000005c   Code   RO          279    i.I2C_SendByte      i2c.o
    0x08002f24   0x08002f24   0x00000060   Code   RO          280    i.I2C_Start         i2c.o
    0x08002f84   0x08002f84   0x0000003c   Code   RO          281    i.I2C_Stop          i2c.o
    0x08002fc0   0x08002fc0   0x00000054   Code   RO          282    i.I2C_WaitAck       i2c.o
    0x08003014   0x08003014   0x00000016   Code   RO          283    i.I2C_delay         i2c.o
    0x0800302a   0x0800302a   0x00000002   PAD
    0x0800302c   0x0800302c   0x000003b4   Code   RO          400    i.MPU6050_Init      mpu6050.o
    0x080033e0   0x080033e0   0x00000270   Code   RO          401    i.MPU6050_Pose      mpu6050.o
    0x08003650   0x08003650   0x00000004   Code   RO          149    i.MemManage_Handler  stm32f10x_it.o
    0x08003654   0x08003654   0x000000cc   Code   RO          566    i.MotorOutput       controler.o
    0x08003720   0x08003720   0x00000038   Code   RO          438    i.Motor_Init        motor.o
    0x08003758   0x08003758   0x00000002   Code   RO          150    i.NMI_Handler       stm32f10x_it.o
    0x0800375a   0x0800375a   0x00000002   PAD
    0x0800375c   0x0800375c   0x00000070   Code   RO         1368    i.NVIC_Init         misc.o
    0x080037cc   0x080037cc   0x00000014   Code   RO         1369    i.NVIC_PriorityGroupConfig  misc.o
    0x080037e0   0x080037e0   0x00000002   Code   RO          151    i.PendSV_Handler    stm32f10x_it.o
    0x080037e2   0x080037e2   0x00000018   Code   RO          213    i.PrintChar         usart1.o
    0x080037fa   0x080037fa   0x00000002   PAD
    0x080037fc   0x080037fc   0x000002d4   Code   RO          567    i.Protocol          controler.o
    0x08003ad0   0x08003ad0   0x00000028   Code   RO          568    i.ProtocolCpyData   controler.o
    0x08003af8   0x08003af8   0x0000018c   Code   RO          569    i.ProtocolGetPID    controler.o
    0x08003c84   0x08003c84   0x00000018   Code   RO         2981    i.RCC_ADCCLKConfig  stm32f10x_rcc.o
    0x08003c9c   0x08003c9c   0x00000020   Code   RO         2983    i.RCC_APB1PeriphClockCmd  stm32f10x_rcc.o
    0x08003cbc   0x08003cbc   0x00000020   Code   RO         2984    i.RCC_APB1PeriphResetCmd  stm32f10x_rcc.o
    0x08003cdc   0x08003cdc   0x00000020   Code   RO         2985    i.RCC_APB2PeriphClockCmd  stm32f10x_rcc.o
    0x08003cfc   0x08003cfc   0x00000020   Code   RO         2986    i.RCC_APB2PeriphResetCmd  stm32f10x_rcc.o
    0x08003d1c   0x08003d1c   0x000000d4   Code   RO         2993    i.RCC_GetClocksFreq  stm32f10x_rcc.o
    0x08003df0   0x08003df0   0x000000c4   Code   RO          570    i.ResetPID          controler.o
    0x08003eb4   0x08003eb4   0x00000002   Code   RO          152    i.SVC_Handler       stm32f10x_it.o
    0x08003eb6   0x08003eb6   0x00000002   PAD
    0x08003eb8   0x08003eb8   0x00000040   Code   RO          571    i.SendAutoUp        controler.o
    0x08003ef8   0x08003ef8   0x00000164   Code   RO          572    i.SetMotorVoltageAndDirection  controler.o
    0x0800405c   0x0800405c   0x00000008   Code   RO         1315    i.SetSysClock       system_stm32f10x.o
    0x08004064   0x08004064   0x000000e0   Code   RO         1316    i.SetSysClockTo72   system_stm32f10x.o
    0x08004144   0x08004144   0x000001c0   Code   RO          573    i.SpeedControl      controler.o
    0x08004304   0x08004304   0x0000004a   Code   RO          574    i.StringFind        controler.o
    0x0800434e   0x0800434e   0x00000002   PAD
    0x08004350   0x08004350   0x0000007c   Code   RO          153    i.SysTick_Handler   stm32f10x_it.o
    0x080043cc   0x080043cc   0x00000078   Code   RO          505    i.SysTick_Init      systick.o
    0x08004444   0x08004444   0x00000060   Code   RO         1318    i.SystemInit        system_stm32f10x.o
    0x080044a4   0x080044a4   0x00000080   Code   RO         3613    i.TI1_Config        stm32f10x_tim.o
    0x08004524   0x08004524   0x00000098   Code   RO         3614    i.TI2_Config        stm32f10x_tim.o
    0x080045bc   0x080045bc   0x00000090   Code   RO         3615    i.TI3_Config        stm32f10x_tim.o
    0x0800464c   0x0800464c   0x00000098   Code   RO         3616    i.TI4_Config        stm32f10x_tim.o
    0x080046e4   0x080046e4   0x0000001c   Code   RO          722    i.TIM1_UP_IRQHandler  ultrasonic.o
    0x08004700   0x08004700   0x000000c4   Code   RO          440    i.TIM2_PWM_Init     motor.o
    0x080047c4   0x080047c4   0x000000c8   Code   RO          466    i.TIM3_Encoder_Init  encoder.o
    0x0800488c   0x0800488c   0x0000001c   Code   RO          467    i.TIM3_IRQHandler   encoder.o
    0x080048a8   0x080048a8   0x000000cc   Code   RO          468    i.TIM4_Encoder_Init  encoder.o
    0x08004974   0x08004974   0x0000001c   Code   RO          469    i.TIM4_IRQHandler   encoder.o
    0x08004990   0x08004990   0x00000018   Code   RO         3617    i.TIM_ARRPreloadConfig  stm32f10x_tim.o
    0x080049a8   0x080049a8   0x00000006   Code   RO         3623    i.TIM_ClearFlag     stm32f10x_tim.o
    0x080049ae   0x080049ae   0x00000006   Code   RO         3624    i.TIM_ClearITPendingBit  stm32f10x_tim.o
    0x080049b4   0x080049b4   0x00000018   Code   RO         3629    i.TIM_Cmd           stm32f10x_tim.o
    0x080049cc   0x080049cc   0x000001e8   Code   RO         3634    i.TIM_DeInit        stm32f10x_tim.o
    0x08004bb4   0x08004bb4   0x00000042   Code   RO         3638    i.TIM_EncoderInterfaceConfig  stm32f10x_tim.o
    0x08004bf6   0x08004bf6   0x00000006   Code   RO         3648    i.TIM_GetCounter    stm32f10x_tim.o
    0x08004bfc   0x08004bfc   0x00000022   Code   RO         3650    i.TIM_GetITStatus   stm32f10x_tim.o
    0x08004c1e   0x08004c1e   0x00000002   PAD
    0x08004c20   0x08004c20   0x000000ac   Code   RO         3652    i.TIM_ICInit        stm32f10x_tim.o
    0x08004ccc   0x08004ccc   0x00000012   Code   RO         3653    i.TIM_ICStructInit  stm32f10x_tim.o
    0x08004cde   0x08004cde   0x00000012   Code   RO         3654    i.TIM_ITConfig      stm32f10x_tim.o
    0x08004cf0   0x08004cf0   0x000000a0   Code   RO         3668    i.TIM_OC3Init       stm32f10x_tim.o
    0x08004d90   0x08004d90   0x00000012   Code   RO         3671    i.TIM_OC3PreloadConfig  stm32f10x_tim.o
    0x08004da2   0x08004da2   0x00000002   PAD
    0x08004da4   0x08004da4   0x0000007c   Code   RO         3673    i.TIM_OC4Init       stm32f10x_tim.o
    0x08004e20   0x08004e20   0x0000001a   Code   RO         3675    i.TIM_OC4PreloadConfig  stm32f10x_tim.o
    0x08004e3a   0x08004e3a   0x00000014   Code   RO         3676    i.TIM_OCStructInit  stm32f10x_tim.o
    0x08004e4e   0x08004e4e   0x00000004   Code   RO         3692    i.TIM_SetCompare3   stm32f10x_tim.o
    0x08004e52   0x08004e52   0x00000006   Code   RO         3693    i.TIM_SetCompare4   stm32f10x_tim.o
    0x08004e58   0x08004e58   0x00000004   Code   RO         3694    i.TIM_SetCounter    stm32f10x_tim.o
    0x08004e5c   0x08004e5c   0x00000012   Code   RO         3695    i.TIM_SetIC1Prescaler  stm32f10x_tim.o
    0x08004e6e   0x08004e6e   0x0000001a   Code   RO         3696    i.TIM_SetIC2Prescaler  stm32f10x_tim.o
    0x08004e88   0x08004e88   0x00000012   Code   RO         3697    i.TIM_SetIC3Prescaler  stm32f10x_tim.o
    0x08004e9a   0x08004e9a   0x0000001a   Code   RO         3698    i.TIM_SetIC4Prescaler  stm32f10x_tim.o
    0x08004eb4   0x08004eb4   0x000000a4   Code   RO         3700    i.TIM_TimeBaseInit  stm32f10x_tim.o
    0x08004f58   0x08004f58   0x00000012   Code   RO         3701    i.TIM_TimeBaseStructInit  stm32f10x_tim.o
    0x08004f6a   0x08004f6a   0x00000002   PAD
    0x08004f6c   0x08004f6c   0x00000060   Code   RO          723    i.Timerx_Init       ultrasonic.o
    0x08004fcc   0x08004fcc   0x00000018   Code   RO          246    i.UART3_Send_Char   usart3.o
    0x08004fe4   0x08004fe4   0x00000020   Code   RO          214    i.USART1_SendByte   usart1.o
    0x08005004   0x08005004   0x000000b0   Code   RO          575    i.USART3_IRQHandler  controler.o
    0x080050b4   0x080050b4   0x00000020   Code   RO          248    i.USART3_Send_Byte  usart3.o
    0x080050d4   0x080050d4   0x00000012   Code   RO         4164    i.USART_ClearFlag   stm32f10x_usart.o
    0x080050e6   0x080050e6   0x0000001e   Code   RO         4165    i.USART_ClearITPendingBit  stm32f10x_usart.o
    0x08005104   0x08005104   0x00000018   Code   RO         4168    i.USART_Cmd         stm32f10x_usart.o
    0x0800511c   0x0800511c   0x0000001a   Code   RO         4171    i.USART_GetFlagStatus  stm32f10x_usart.o
    0x08005136   0x08005136   0x0000004a   Code   RO         4174    i.USART_ITConfig    stm32f10x_usart.o
    0x08005180   0x08005180   0x000000d8   Code   RO         4175    i.USART_Init        stm32f10x_usart.o
    0x08005258   0x08005258   0x0000000a   Code   RO         4182    i.USART_ReceiveData  stm32f10x_usart.o
    0x08005262   0x08005262   0x00000008   Code   RO         4185    i.USART_SendData    stm32f10x_usart.o
    0x0800526a   0x0800526a   0x00000002   PAD
    0x0800526c   0x0800526c   0x0000008c   Code   RO          724    i.UltrasonicWave_Configuration  ultrasonic.o
    0x080052f8   0x080052f8   0x00000004   Code   RO          154    i.UsageFault_Handler  stm32f10x_it.o
    0x080052fc   0x080052fc   0x00000094   Code   RO          215    i.Usart1_Init       usart1.o
    0x08005390   0x08005390   0x000000b4   Code   RO          249    i.Usart3_Init       usart3.o
    0x08005444   0x08005444   0x00000028   Code   RO         4593    i.__ARM_fpclassify  m_ws.l(fpclassify.o)
    0x0800546c   0x0800546c   0x000000aa   Code   RO         4595    i.__kernel_poly     m_ws.l(poly.o)
    0x08005516   0x08005516   0x00000006   Code   RO         4580    i.__mathlib_dbl_infnan  m_ws.l(dunder.o)
    0x0800551c   0x0800551c   0x00000004   Code   RO         4581    i.__mathlib_dbl_infnan2  m_ws.l(dunder.o)
    0x08005520   0x08005520   0x0000000c   Code   RO         4582    i.__mathlib_dbl_invalid  m_ws.l(dunder.o)
    0x0800552c   0x0800552c   0x0000000e   Code   RO         4583    i.__mathlib_dbl_overflow  m_ws.l(dunder.o)
    0x0800553a   0x0800553a   0x00000002   PAD
    0x0800553c   0x0800553c   0x00000010   Code   RO         4585    i.__mathlib_dbl_underflow  m_ws.l(dunder.o)
    0x0800554c   0x0800554c   0x00000010   Code   RO         4774    i.__mathlib_narrow  m_ws.l(narrow.o)
    0x0800555c   0x0800555c   0x000000bc   Code   RO         4775    i.__mathlib_tofloat  m_ws.l(narrow.o)
    0x08005618   0x08005618   0x00000016   Code   RO         4829    i.__support_ldexp   m_ws.l(ldexp.o)
    0x0800562e   0x0800562e   0x0000000e   Code   RO         4426    i._is_digit         c_w.l(__printf_wp.o)
    0x0800563c   0x0800563c   0x000000a8   Code   RO          803    i.accel_self_test   inv_mpu.o
    0x080056e4   0x080056e4   0x00000270   Code   RO         4517    i.asin              m_ws.l(asin.o)
    0x08005954   0x08005954   0x00000220   Code   RO         4570    i.atan              m_ws.l(atan.o)
    0x08005b74   0x08005b74   0x00000180   Code   RO         4527    i.atan2             m_ws.l(atan2.o)
    0x08005cf4   0x08005cf4   0x0000002a   Code   RO         4535    i.atof              m_ws.l(atof.o)
    0x08005d1e   0x08005d1e   0x00000002   PAD
    0x08005d20   0x08005d20   0x00000064   Code   RO         1095    i.decode_gesture    inv_mpu_dmp_motion_driver.o
    0x08005d84   0x08005d84   0x00000018   Code   RO          776    i.delay_ms          delay.o
    0x08005d9c   0x08005d9c   0x00000020   Code   RO          577    i.delay_nms         controler.o
    0x08005dbc   0x08005dbc   0x0000001a   Code   RO          777    i.delay_us          delay.o
    0x08005dd6   0x08005dd6   0x0000003c   Code   RO         1096    i.dmp_enable_6x_lp_quat  inv_mpu_dmp_motion_driver.o
    0x08005e12   0x08005e12   0x00000002   PAD
    0x08005e14   0x08005e14   0x0000021c   Code   RO         1097    i.dmp_enable_feature  inv_mpu_dmp_motion_driver.o
    0x08006030   0x08006030   0x00000058   Code   RO         1098    i.dmp_enable_gyro_cal  inv_mpu_dmp_motion_driver.o
    0x08006088   0x08006088   0x0000003c   Code   RO         1099    i.dmp_enable_lp_quat  inv_mpu_dmp_motion_driver.o
    0x080060c4   0x080060c4   0x00000018   Code   RO         1104    i.dmp_load_motion_driver_firmware  inv_mpu_dmp_motion_driver.o
    0x080060dc   0x080060dc   0x000001cc   Code   RO         1105    i.dmp_read_fifo     inv_mpu_dmp_motion_driver.o
    0x080062a8   0x080062a8   0x00000130   Code   RO         1108    i.dmp_set_accel_bias  inv_mpu_dmp_motion_driver.o
    0x080063d8   0x080063d8   0x00000070   Code   RO         1109    i.dmp_set_fifo_rate  inv_mpu_dmp_motion_driver.o
    0x08006448   0x08006448   0x00000130   Code   RO         1110    i.dmp_set_gyro_bias  inv_mpu_dmp_motion_driver.o
    0x08006578   0x08006578   0x00000138   Code   RO         1112    i.dmp_set_orientation  inv_mpu_dmp_motion_driver.o
    0x080066b0   0x080066b0   0x00000038   Code   RO         1115    i.dmp_set_shake_reject_thresh  inv_mpu_dmp_motion_driver.o
    0x080066e8   0x080066e8   0x00000026   Code   RO         1116    i.dmp_set_shake_reject_time  inv_mpu_dmp_motion_driver.o
    0x0800670e   0x0800670e   0x00000026   Code   RO         1117    i.dmp_set_shake_reject_timeout  inv_mpu_dmp_motion_driver.o
    0x08006734   0x08006734   0x00000046   Code   RO         1118    i.dmp_set_tap_axes  inv_mpu_dmp_motion_driver.o
    0x0800677a   0x0800677a   0x00000026   Code   RO         1119    i.dmp_set_tap_count  inv_mpu_dmp_motion_driver.o
    0x080067a0   0x080067a0   0x000001a0   Code   RO         1120    i.dmp_set_tap_thresh  inv_mpu_dmp_motion_driver.o
    0x08006940   0x08006940   0x00000026   Code   RO         1121    i.dmp_set_tap_time  inv_mpu_dmp_motion_driver.o
    0x08006966   0x08006966   0x00000026   Code   RO         1122    i.dmp_set_tap_time_multi  inv_mpu_dmp_motion_driver.o
    0x0800698c   0x0800698c   0x00000058   Code   RO         4804    i.frexp             m_ws.l(frexp.o)
    0x080069e4   0x080069e4   0x000000b4   Code   RO          804    i.get_accel_prod_shift  inv_mpu.o
    0x08006a98   0x08006a98   0x00000002   Code   RO          778    i.get_ms            delay.o
    0x08006a9a   0x08006a9a   0x00000002   PAD
    0x08006a9c   0x08006a9c   0x00000470   Code   RO          805    i.get_st_biases     inv_mpu.o
    0x08006f0c   0x08006f0c   0x00000110   Code   RO          806    i.gyro_self_test    inv_mpu.o
    0x0800701c   0x0800701c   0x0000002c   Code   RO          285    i.i2cInit           i2c.o
    0x08007048   0x08007048   0x00000078   Code   RO          286    i.i2cRead           i2c.o
    0x080070c0   0x080070c0   0x00000064   Code   RO          288    i.i2cWriteBuffer    i2c.o
    0x08007124   0x08007124   0x00000026   Code   RO          289    i.i2cread           i2c.o
    0x0800714a   0x0800714a   0x00000026   Code   RO          290    i.i2cwrite          i2c.o
    0x08007170   0x08007170   0x00000028   Code   RO         1123    i.inv_orientation_matrix_to_scalar  inv_mpu_dmp_motion_driver.o
    0x08007198   0x08007198   0x0000004e   Code   RO         1124    i.inv_row_2_scale   inv_mpu_dmp_motion_driver.o
    0x080071e6   0x080071e6   0x00000074   Code   RO         4830    i.ldexp             m_ws.l(ldexp.o)
    0x0800725a   0x0800725a   0x00000002   PAD
    0x0800725c   0x0800725c   0x00000078   Code   RO            1    i.main              main.o
    0x080072d4   0x080072d4   0x00000070   Code   RO          807    i.mpu_configure_fifo  inv_mpu.o
    0x08007344   0x08007344   0x0000004c   Code   RO          808    i.mpu_get_accel_fsr  inv_mpu.o
    0x08007390   0x08007390   0x00000054   Code   RO          810    i.mpu_get_accel_sens  inv_mpu.o
    0x080073e4   0x080073e4   0x00000010   Code   RO          815    i.mpu_get_fifo_config  inv_mpu.o
    0x080073f4   0x080073f4   0x00000044   Code   RO          816    i.mpu_get_gyro_fsr  inv_mpu.o
    0x08007438   0x08007438   0x00000050   Code   RO          818    i.mpu_get_gyro_sens  inv_mpu.o
    0x08007488   0x08007488   0x00000050   Code   RO          820    i.mpu_get_lpf       inv_mpu.o
    0x080074d8   0x080074d8   0x00000020   Code   RO          822    i.mpu_get_sample_rate  inv_mpu.o
    0x080074f8   0x080074f8   0x000001f0   Code   RO          824    i.mpu_init          inv_mpu.o
    0x080076e8   0x080076e8   0x000000b8   Code   RO          825    i.mpu_load_firmware  inv_mpu.o
    0x080077a0   0x080077a0   0x000000e0   Code   RO          826    i.mpu_lp_accel_mode  inv_mpu.o
    0x08007880   0x08007880   0x000000c0   Code   RO          829    i.mpu_read_fifo_stream  inv_mpu.o
    0x08007940   0x08007940   0x00000080   Code   RO          830    i.mpu_read_mem      inv_mpu.o
    0x080079c0   0x080079c0   0x000001c8   Code   RO          833    i.mpu_reset_fifo    inv_mpu.o
    0x08007b88   0x08007b88   0x0000011c   Code   RO          834    i.mpu_run_self_test  inv_mpu.o
    0x08007ca4   0x08007ca4   0x00000084   Code   RO          836    i.mpu_set_accel_fsr  inv_mpu.o
    0x08007d28   0x08007d28   0x0000014c   Code   RO          837    i.mpu_set_bypass    inv_mpu.o
    0x08007e74   0x08007e74   0x00000090   Code   RO          839    i.mpu_set_dmp_state  inv_mpu.o
    0x08007f04   0x08007f04   0x00000088   Code   RO          840    i.mpu_set_gyro_fsr  inv_mpu.o
    0x08007f8c   0x08007f8c   0x0000006c   Code   RO          841    i.mpu_set_int_latched  inv_mpu.o
    0x08007ff8   0x08007ff8   0x00000084   Code   RO          843    i.mpu_set_lpf       inv_mpu.o
    0x0800807c   0x0800807c   0x0000009c   Code   RO          844    i.mpu_set_sample_rate  inv_mpu.o
    0x08008118   0x08008118   0x000000d0   Code   RO          845    i.mpu_set_sensors   inv_mpu.o
    0x080081e8   0x080081e8   0x00000080   Code   RO          846    i.mpu_write_mem     inv_mpu.o
    0x08008268   0x08008268   0x000000e4   Code   RO         1125    i.run_self_test     inv_mpu_dmp_motion_driver.o
    0x0800834c   0x0800834c   0x00000090   Code   RO          847    i.set_int_enable    inv_mpu.o
    0x080083dc   0x080083dc   0x0000004c   Code   RO         4599    i.sqrt              m_ws.l(sqrt.o)
    0x08008428   0x08008428   0x0000002c   Code   RO         4671    locale$$code        c_w.l(lc_numeric_c.o)
    0x08008454   0x08008454   0x0000002c   Code   RO         4752    locale$$code        c_w.l(lc_ctype_c.o)
    0x08008480   0x08008480   0x00000062   Code   RO         4456    x$fpl$d2f           fz_ws.l(d2f.o)
    0x080084e2   0x080084e2   0x00000002   PAD
    0x080084e4   0x080084e4   0x00000150   Code   RO         4458    x$fpl$dadd          fz_ws.l(daddsub_clz.o)
    0x08008634   0x08008634   0x00000010   Code   RO         4673    x$fpl$dcheck1       fz_ws.l(dcheck1.o)
    0x08008644   0x08008644   0x00000018   Code   RO         4554    x$fpl$dcmpinf       fz_ws.l(dcmpi.o)
    0x0800865c   0x0800865c   0x000002b0   Code   RO         4465    x$fpl$ddiv          fz_ws.l(ddiv.o)
    0x0800890c   0x0800890c   0x00000078   Code   RO         4468    x$fpl$deqf          fz_ws.l(deqf.o)
    0x08008984   0x08008984   0x0000002e   Code   RO         4471    x$fpl$dflt          fz_ws.l(dflt_clz.o)
    0x080089b2   0x080089b2   0x00000002   PAD
    0x080089b4   0x080089b4   0x00000078   Code   RO         4476    x$fpl$dleqf         fz_ws.l(dleqf.o)
    0x08008a2c   0x08008a2c   0x00000154   Code   RO         4478    x$fpl$dmul          fz_ws.l(dmul.o)
    0x08008b80   0x08008b80   0x0000009c   Code   RO         4556    x$fpl$dnaninf       fz_ws.l(dnaninf.o)
    0x08008c1c   0x08008c1c   0x0000000c   Code   RO         4558    x$fpl$dretinf       fz_ws.l(dretinf.o)
    0x08008c28   0x08008c28   0x0000006c   Code   RO         4801    x$fpl$drleqf        fz_ws.l(drleqf.o)
    0x08008c94   0x08008c94   0x00000016   Code   RO         4459    x$fpl$drsb          fz_ws.l(daddsub_clz.o)
    0x08008caa   0x08008caa   0x00000002   PAD
    0x08008cac   0x08008cac   0x000001cc   Code   RO         4675    x$fpl$dsqrt         fz_ws.l(dsqrt_noumaal.o)
    0x08008e78   0x08008e78   0x000001d4   Code   RO         4460    x$fpl$dsub          fz_ws.l(daddsub_clz.o)
    0x0800904c   0x0800904c   0x00000056   Code   RO         4480    x$fpl$f2d           fz_ws.l(f2d.o)
    0x080090a2   0x080090a2   0x00000002   PAD
    0x080090a4   0x080090a4   0x000000c4   Code   RO         4482    x$fpl$fadd          fz_ws.l(faddsub_clz.o)
    0x08009168   0x08009168   0x00000018   Code   RO         4560    x$fpl$fcmpinf       fz_ws.l(fcmpi.o)
    0x08009180   0x08009180   0x00000184   Code   RO         4489    x$fpl$fdiv          fz_ws.l(fdiv.o)
    0x08009304   0x08009304   0x00000068   Code   RO         4492    x$fpl$feqf          fz_ws.l(feqf.o)
    0x0800936c   0x0800936c   0x00000036   Code   RO         4494    x$fpl$ffix          fz_ws.l(ffix.o)
    0x080093a2   0x080093a2   0x00000002   PAD
    0x080093a4   0x080093a4   0x0000003e   Code   RO         4498    x$fpl$ffixu         fz_ws.l(ffixu.o)
    0x080093e2   0x080093e2   0x00000002   PAD
    0x080093e4   0x080093e4   0x00000030   Code   RO         4503    x$fpl$fflt          fz_ws.l(fflt_clz.o)
    0x08009414   0x08009414   0x00000026   Code   RO         4502    x$fpl$ffltu         fz_ws.l(fflt_clz.o)
    0x0800943a   0x0800943a   0x00000002   PAD
    0x0800943c   0x0800943c   0x00000068   Code   RO         4508    x$fpl$fleqf         fz_ws.l(fleqf.o)
    0x080094a4   0x080094a4   0x00000102   Code   RO         4510    x$fpl$fmul          fz_ws.l(fmul.o)
    0x080095a6   0x080095a6   0x0000008c   Code   RO         4562    x$fpl$fnaninf       fz_ws.l(fnaninf.o)
    0x08009632   0x08009632   0x0000000a   Code   RO         4564    x$fpl$fretinf       fz_ws.l(fretinf.o)
    0x0800963c   0x0800963c   0x00000062   Code   RO         4512    x$fpl$frleqf        fz_ws.l(frleqf.o)
    0x0800969e   0x0800969e   0x00000002   PAD
    0x080096a0   0x080096a0   0x000000ea   Code   RO         4484    x$fpl$fsub          fz_ws.l(faddsub_clz.o)
    0x0800978a   0x0800978a   0x00000006   Code   RO         4677    x$fpl$ieeestatus    fz_ws.l(istatus.o)
    0x08009790   0x08009790   0x00000004   Code   RO         4514    x$fpl$printf1       fz_ws.l(printf1.o)
    0x08009794   0x08009794   0x00000064   Code   RO         4747    x$fpl$retnan        fz_ws.l(retnan.o)
    0x080097f8   0x080097f8   0x0000005c   Code   RO         4566    x$fpl$scalbn        fz_ws.l(scalbn.o)
    0x08009854   0x08009854   0x00000004   Code   RO         4679    x$fpl$scanf1        fz_ws.l(scanf1.o)
    0x08009858   0x08009858   0x00000008   Code   RO         4766    x$fpl$scanf2        fz_ws.l(scanf2.o)
    0x08009860   0x08009860   0x00000030   Code   RO         4772    x$fpl$trapveneer    fz_ws.l(trapv.o)
    0x08009890   0x08009890   0x00000000   Code   RO         4568    x$fpl$usenofp       fz_ws.l(usenofp.o)
    0x08009890   0x08009890   0x00000020   Data   RO          579    .constdata          controler.o
    0x080098b0   0x080098b0   0x00000050   Data   RO          848    .constdata          inv_mpu.o
    0x08009900   0x08009900   0x00000bf6   Data   RO         1127    .constdata          inv_mpu_dmp_motion_driver.o
    0x0800a4f6   0x0800a4f6   0x00000002   PAD
    0x0800a4f8   0x0800a4f8   0x00000050   Data   RO         4518    .constdata          m_ws.l(asin.o)
    0x0800a548   0x0800a548   0x00000098   Data   RO         4571    .constdata          m_ws.l(atan.o)
    0x0800a5e0   0x0800a5e0   0x00000008   Data   RO         4597    .constdata          m_ws.l(qnan.o)
    0x0800a5e8   0x0800a5e8   0x00000094   Data   RO         4646    .constdata          c_w.l(bigflt0.o)
    0x0800a67c   0x0800a67c   0x0000004e   Data   RO          849    .conststring        inv_mpu.o
    0x0800a6ca   0x0800a6ca   0x00000002   PAD
    0x0800a6cc   0x0800a6cc   0x00000020   Data   RO         4879    Region$$Table       anon$$obj.o
    0x0800a6ec   0x0800a6ec   0x00000008   Data   RO         4760    c$$dinf             fz_ws.l(fpconst.o)
    0x0800a6f4   0x0800a6f4   0x00000008   Data   RO         4763    c$$dmax             fz_ws.l(fpconst.o)
    0x0800a6fc   0x0800a6fc   0x0000001c   Data   RO         4670    locale$$data        c_w.l(lc_numeric_c.o)
    0x0800a718   0x0800a718   0x00000110   Data   RO         4751    locale$$data        c_w.l(lc_ctype_c.o)


    Execution Region RW_IRAM1 (Exec base: 0x20000000, Load base: 0x0800a828, Size: 0x00000a38, Max: 0x00005000, ABSOLUTE, COMPRESSED[0x00000064])

    Exec Addr    Load Addr    Size         Type   Attr      Idx    E Section Name        Object

    0x20000000   COMPRESSED   0x0000003b   Data   RW          403    .data               mpu6050.o
    0x2000003b   COMPRESSED   0x00000001   PAD
    0x2000003c   COMPRESSED   0x00000130   Data   RW          580    .data               controler.o
    0x2000016c   COMPRESSED   0x00000004   Data   RW          726    .data               ultrasonic.o
    0x20000170   COMPRESSED   0x0000002c   Data   RW          850    .data               inv_mpu.o
    0x2000019c   COMPRESSED   0x00000014   Data   RW         1319    .data               system_stm32f10x.o
    0x200001b0   COMPRESSED   0x00000014   Data   RW         3013    .data               stm32f10x_rcc.o
    0x200001c4        -       0x00000010   Zero   RW          402    .bss                mpu6050.o
    0x200001d4        -       0x000001f4   Zero   RW          578    .bss                controler.o
    0x200003c8        -       0x00000010   Zero   RW         1126    .bss                inv_mpu_dmp_motion_driver.o
    0x200003d8        -       0x00000060   Zero   RW         4682    .bss                c_w.l(libspace.o)
    0x20000438        -       0x00000200   Zero   RW         1309    HEAP                startup_stm32f10x_md.o
    0x20000638        -       0x00000400   Zero   RW         1308    STACK               startup_stm32f10x_md.o


==============================================================================

Image component sizes


      Code (inc. data)   RO Data    RW Data    ZI Data      Debug   Object Name

       192         14          0          0          0       1073   adc.o
      4354        796         32        304        500      14349   controler.o
         0          0          0          0          0         32   core_cm3.o
        52          0          0          0          0       1367   delay.o
       460         30          0          0          0       2256   encoder.o
       902         38          0          0          0       7342   i2c.o
      5888        282        158         44          0      25451   inv_mpu.o
      3442        194       3062          0         16      21965   inv_mpu_dmp_motion_driver.o
       120          4          0          0          0     262831   main.o
       132         22          0          0          0       3035   misc.o
       252         12          0          0          0       1149   motor.o
      1572        780          0         59         16       2305   mpu6050.o
        64         26        236          0       1536        784   startup_stm32f10x_md.o
       486         24          0          0          0      17070   stm32f10x_adc.o
       200         18          0          0          0       4056   stm32f10x_exti.o
       528         10          0          0          0      13582   stm32f10x_gpio.o
       148         26          0          0          0       3754   stm32f10x_it.o
       364         50          0         20          0      14487   stm32f10x_rcc.o
      2070        234          0          0          0      37523   stm32f10x_tim.o
       406          6          0          0          0      12189   stm32f10x_usart.o
       328         28          0         20          0       2065   system_stm32f10x.o
       120         14          0          0          0      15714   systick.o
       372         32          0          4          0       2429   ultrasonic.o
       204         12          0          0          0       1568   usart1.o
       236         12          0          0          0       1619   usart3.o

    ----------------------------------------------------------------------
     22926       2664       3524        452       2068     469995   Object Totals
         0          0         32          0          0          0   (incl. Generated)
        34          0          4          1          0          0   (incl. Padding)

    ----------------------------------------------------------------------

      Code (inc. data)   RO Data    RW Data    ZI Data      Debug   Library Member Name

        90          0          0          0          0          0   __dczerorl2.o
         8          0          0          0          0         68   __main.o
       284          0          0          0          0        156   __printf_wp.o
         0          0          0          0          0          0   __rtentry.o
        12          0          0          0          0          0   __rtentry2.o
         6          0          0          0          0          0   __rtentry4.o
        52          8          0          0          0          0   __scatter.o
        28          0          0          0          0          0   __scatter_zi.o
        28          0          0          0          0         68   _chval.o
        48          6          0          0          0         96   _printf_char_common.o
         6          0          0          0          0          0   _printf_f.o
      1054          0          0          0          0        216   _printf_fp_dec.o
       128         16          0          0          0         84   _printf_fp_infnan.o
        78          0          0          0          0        108   _printf_pad.o
         0          0          0          0          0          0   _printf_percent.o
         4          0          0          0          0          0   _printf_percent_end.o
        22          0          0          0          0        100   _rserrno.o
        64          0          0          0          0         84   _sgetc.o
        10          0          0          0          0         68   _sputc.o
        16          0          0          0          0         68   aeabi_memset.o
       228          4        148          0          0         96   bigflt0.o
      2152        136          0          0          0        960   btod.o
        18          0          0          0          0         80   exit.o
         6          0          0          0          0        152   heapauxi.o
         0          0          0          0          0          0   indicate_semi.o
        18          0          0          0          0         76   isspace.o
        44         10        272          0          0         76   lc_ctype_c.o
        44         10         28          0          0         76   lc_numeric_c.o
         2          0          0          0          0          0   libinit.o
        30          0          0          0          0          0   libinit2.o
         2          0          0          0          0          0   libshutdown.o
         2          0          0          0          0          0   libshutdown2.o
         8          4          0          0         96         68   libspace.o
        72          0          0          0          0         76   llsdiv.o
        38          0          0          0          0         68   llshl.o
       138          0          0          0          0         80   lludiv10.o
       238          0          0          0          0        100   lludivv7m.o
        88          0          0          0          0         76   memcmp.o
        40          6          0          0          0         84   noretval__2sprintf.o
        16          4          0          0          0         76   rt_ctype_table.o
         8          4          0          0          0         68   rt_errno_addr_intlibspace.o
         8          4          0          0          0         68   rt_locale_intlibspace.o
        68          0          0          0          0         68   rt_memclr.o
        78          0          0          0          0         80   rt_memclr_w.o
       138          0          0          0          0         68   rt_memcpy_v6.o
       100          0          0          0          0         80   rt_memcpy_w.o
         2          0          0          0          0          0   rtexit.o
        10          0          0          0          0          0   rtexit2.o
      1272         16          0          0          0        168   scanf_fp.o
       800         14          0          0          0        100   scanf_hexfp.o
       308         16          0          0          0        100   scanf_infnan.o
        24          0          0          0          0         68   strcat.o
       128          0          0          0          0         68   strcmpv7m.o
        62          0          0          0          0         76   strlen.o
       164         14          0          0          0        120   strtod.o
        12          4          0          0          0         68   sys_exit.o
        74          0          0          0          0         80   sys_stackheap_outer.o
         2          0          0          0          0         68   use_no_semi.o
        98          4          0          0          0         92   d2f.o
       826         16          0          0          0        348   daddsub_clz.o
        16          4          0          0          0         68   dcheck1.o
        24          0          0          0          0         68   dcmpi.o
       688        140          0          0          0        208   ddiv.o
       120          4          0          0          0         92   deqf.o
        46          0          0          0          0         68   dflt_clz.o
       120          4          0          0          0         92   dleqf.o
       340         12          0          0          0        104   dmul.o
       156          4          0          0          0         92   dnaninf.o
        12          0          0          0          0         68   dretinf.o
       108          0          0          0          0         80   drleqf.o
       460         56          0          0          0        120   dsqrt_noumaal.o
        86          4          0          0          0         84   f2d.o
       430          8          0          0          0        168   faddsub_clz.o
        24          0          0          0          0         68   fcmpi.o
       388         76          0          0          0         96   fdiv.o
       104          4          0          0          0         84   feqf.o
        54          4          0          0          0         84   ffix.o
        62          4          0          0          0         84   ffixu.o
        86          0          0          0          0        136   fflt_clz.o
       104          4          0          0          0         84   fleqf.o
       258          4          0          0          0         84   fmul.o
       140          4          0          0          0         84   fnaninf.o
         0          0         16          0          0          0   fpconst.o
        10          0          0          0          0         68   fretinf.o
        98          0          0          0          0         68   frleqf.o
         6          0          0          0          0         68   istatus.o
         4          0          0          0          0         68   printf1.o
       100          0          0          0          0         68   retnan.o
        92          0          0          0          0         68   scalbn.o
         4          0          0          0          0         68   scanf1.o
         8          0          0          0          0         84   scanf2.o
        48          0          0          0          0         68   trapv.o
         0          0          0          0          0          0   usenofp.o
       624         52         80          0          0        168   asin.o
       544         70        152          0          0        124   atan.o
       384         38          0          0          0        144   atan2.o
        42          0          0          0          0         84   atof.o
        52          6          0          0          0        340   dunder.o
        40          0          0          0          0         68   fpclassify.o
        88          8          0          0          0         76   frexp.o
       138          0          0          0          0        160   ldexp.o
       204          4          0          0          0        168   narrow.o
       170          0          0          0          0         96   poly.o
         0          0          8          0          0          0   qnan.o
        76          0          0          0          0         84   sqrt.o

    ----------------------------------------------------------------------
     15894        810        704          0         96       9304   Library Totals
        32          0          0          0          0          0   (incl. Padding)

    ----------------------------------------------------------------------

      Code (inc. data)   RO Data    RW Data    ZI Data      Debug   Library Name

      8380        276        448          0         96       4608   c_w.l
      5120        356         16          0          0       3184   fz_ws.l
      2362        178        240          0          0       1512   m_ws.l

    ----------------------------------------------------------------------
     15894        810        704          0         96       9304   Library Totals

    ----------------------------------------------------------------------

==============================================================================


      Code (inc. data)   RO Data    RW Data    ZI Data      Debug   

     38820       3474       4228        452       2164     464631   Grand Totals
     38820       3474       4228        100       2164     464631   ELF Image Totals (compressed)
     38820       3474       4228        100          0          0   ROM Totals

==============================================================================

    Total RO  Size (Code + RO Data)                43048 (  42.04kB)
    Total RW  Size (RW Data + ZI Data)              2616 (   2.55kB)
    Total ROM Size (Code + RO Data + RW Data)      43148 (  42.14kB)

==============================================================================

